[1.464s] Invoking command in '/home/cat/rtk_verify_ws/build/nmea_navsat_driver': DEBUGINFOD_URLS=https://debuginfod.ubuntu.com PYTHONPATH=/home/cat/rtk_verify_ws/build/nmea_navsat_driver/prefix_override:/usr/lib/python3/dist-packages/colcon_core/task/python/colcon_distutils_commands:/home/cat/rtk_verify_ws/install/nmea_navsat_driver/lib/python3.12/site-packages:${PYTHONPATH} /usr/bin/python3 -W ignore:setup.py install is deprecated -W ignore:easy_install command is deprecated setup.py develop --editable --build-directory /home/cat/rtk_verify_ws/build/nmea_navsat_driver/build --no-deps symlink_data
[1.952s] running develop
[2.260s] running egg_info
[2.288s] writing src/nmea_navsat_driver.egg-info/PKG-INFO
[2.288s] writing dependency_links to src/nmea_navsat_driver.egg-info/dependency_links.txt
[2.289s] writing entry points to src/nmea_navsat_driver.egg-info/entry_points.txt
[2.290s] writing requirements to src/nmea_navsat_driver.egg-info/requires.txt
[2.290s] writing top-level names to src/nmea_navsat_driver.egg-info/top_level.txt
[2.349s] reading manifest file 'src/nmea_navsat_driver.egg-info/SOURCES.txt'
[2.350s] writing manifest file 'src/nmea_navsat_driver.egg-info/SOURCES.txt'
[2.380s] running build_ext
[2.381s] Creating /home/cat/rtk_verify_ws/install/nmea_navsat_driver/lib/python3.12/site-packages/nmea-navsat-driver.egg-link (link to src)
[2.382s] Installing nmea_serial_driver script to /home/cat/rtk_verify_ws/install/nmea_navsat_driver/lib/nmea_navsat_driver
[2.382s] Installing nmea_socket_driver script to /home/cat/rtk_verify_ws/install/nmea_navsat_driver/lib/nmea_navsat_driver
[2.383s] Installing nmea_tcpclient_driver script to /home/cat/rtk_verify_ws/install/nmea_navsat_driver/lib/nmea_navsat_driver
[2.383s] Installing nmea_topic_driver script to /home/cat/rtk_verify_ws/install/nmea_navsat_driver/lib/nmea_navsat_driver
[2.384s] Installing nmea_topic_serial_reader script to /home/cat/rtk_verify_ws/install/nmea_navsat_driver/lib/nmea_navsat_driver
[2.384s] 
[2.385s] Installed /home/cat/rtk_verify_ws/build/nmea_navsat_driver/src
[2.385s] running symlink_data
[2.469s] Invoked command in '/home/cat/rtk_verify_ws/build/nmea_navsat_driver' returned '0': DEBUGINFOD_URLS=https://debuginfod.ubuntu.com PYTHONPATH=/home/cat/rtk_verify_ws/build/nmea_navsat_driver/prefix_override:/usr/lib/python3/dist-packages/colcon_core/task/python/colcon_distutils_commands:/home/cat/rtk_verify_ws/install/nmea_navsat_driver/lib/python3.12/site-packages:${PYTHONPATH} /usr/bin/python3 -W ignore:setup.py install is deprecated -W ignore:easy_install command is deprecated setup.py develop --editable --build-directory /home/cat/rtk_verify_ws/build/nmea_navsat_driver/build --no-deps symlink_data
