[0.168s] DEBUG:colcon:Command line arguments: ['/usr/bin/colcon', 'build', '--symlink-install', '--cmake-args', '-DCMAKE_BUILD_TYPE=Release']
[0.168s] DEBUG:colcon:Parsed command line arguments: Namespace(log_base=None, log_level=None, verb_name='build', build_base='build', install_base='install', merge_install=False, symlink_install=True, test_result_base=None, continue_on_error=False, executor='parallel', parallel_workers=8, event_handlers=None, ignore_user_meta=False, metas=['./colcon.meta'], base_paths=['.'], packages_ignore=None, packages_ignore_regex=None, paths=None, packages_up_to=None, packages_up_to_regex=None, packages_above=None, packages_above_and_dependencies=None, packages_above_depth=None, packages_select_by_dep=None, packages_skip_by_dep=None, packages_skip_up_to=None, packages_select_build_failed=False, packages_skip_build_finished=False, packages_select_test_failures=False, packages_skip_test_passed=False, packages_select=None, packages_skip=None, packages_select_regex=None, packages_skip_regex=None, packages_start=None, packages_end=None, allow_overriding=[], cmake_args=['-DCMAKE_BUILD_TYPE=Release'], cmake_target=None, cmake_target_skip_unavailable=False, cmake_clean_cache=False, cmake_clean_first=False, cmake_force_configure=False, ament_cmake_args=None, catkin_cmake_args=None, catkin_skip_building_tests=False, verb_parser=<colcon_defaults.argument_parser.defaults.DefaultArgumentsDecorator object at 0xffff956fddc0>, verb_extension=<colcon_core.verb.build.BuildVerb object at 0xffff958f6030>, main=<bound method BuildVerb.main of <colcon_core.verb.build.BuildVerb object at 0xffff958f6030>>)
[0.230s] Level 1:colcon.colcon_core.package_discovery:discover_packages(colcon_meta) check parameters
[0.230s] Level 1:colcon.colcon_core.package_discovery:discover_packages(recursive) check parameters
[0.230s] Level 1:colcon.colcon_core.package_discovery:discover_packages(ignore) check parameters
[0.230s] Level 1:colcon.colcon_core.package_discovery:discover_packages(path) check parameters
[0.230s] Level 1:colcon.colcon_core.package_discovery:discover_packages(colcon_meta) discover
[0.230s] Level 1:colcon.colcon_core.package_discovery:discover_packages(recursive) discover
[0.230s] INFO:colcon.colcon_core.package_discovery:Crawling recursively for packages in '/home/cat/rtk_verify_ws'
[0.231s] Level 1:colcon.colcon_core.package_identification:_identify(.) by extensions ['ignore', 'ignore_ament_install']
[0.231s] Level 1:colcon.colcon_core.package_identification:_identify(.) by extension 'ignore'
[0.231s] Level 1:colcon.colcon_core.package_identification:_identify(.) by extension 'ignore_ament_install'
[0.231s] Level 1:colcon.colcon_core.package_identification:_identify(.) by extensions ['colcon_pkg']
[0.231s] Level 1:colcon.colcon_core.package_identification:_identify(.) by extension 'colcon_pkg'
[0.231s] Level 1:colcon.colcon_core.package_identification:_identify(.) by extensions ['colcon_meta']
[0.231s] Level 1:colcon.colcon_core.package_identification:_identify(.) by extension 'colcon_meta'
[0.231s] Level 1:colcon.colcon_core.package_identification:_identify(.) by extensions ['ros']
[0.231s] Level 1:colcon.colcon_core.package_identification:_identify(.) by extension 'ros'
[0.273s] Level 1:colcon.colcon_core.package_identification:_identify(.) by extensions ['cmake', 'python']
[0.274s] Level 1:colcon.colcon_core.package_identification:_identify(.) by extension 'cmake'
[0.274s] Level 1:colcon.colcon_core.package_identification:_identify(.) by extension 'python'
[0.274s] Level 1:colcon.colcon_core.package_identification:_identify(.) by extensions ['python_setup_py']
[0.274s] Level 1:colcon.colcon_core.package_identification:_identify(.) by extension 'python_setup_py'
[0.274s] Level 1:colcon.colcon_core.package_identification:_identify(bags) by extensions ['ignore', 'ignore_ament_install']
[0.274s] Level 1:colcon.colcon_core.package_identification:_identify(bags) by extension 'ignore'
[0.274s] Level 1:colcon.colcon_core.package_identification:_identify(bags) by extension 'ignore_ament_install'
[0.274s] Level 1:colcon.colcon_core.package_identification:_identify(bags) by extensions ['colcon_pkg']
[0.274s] Level 1:colcon.colcon_core.package_identification:_identify(bags) by extension 'colcon_pkg'
[0.274s] Level 1:colcon.colcon_core.package_identification:_identify(bags) by extensions ['colcon_meta']
[0.274s] Level 1:colcon.colcon_core.package_identification:_identify(bags) by extension 'colcon_meta'
[0.274s] Level 1:colcon.colcon_core.package_identification:_identify(bags) by extensions ['ros']
[0.275s] Level 1:colcon.colcon_core.package_identification:_identify(bags) by extension 'ros'
[0.275s] Level 1:colcon.colcon_core.package_identification:_identify(bags) by extensions ['cmake', 'python']
[0.275s] Level 1:colcon.colcon_core.package_identification:_identify(bags) by extension 'cmake'
[0.275s] Level 1:colcon.colcon_core.package_identification:_identify(bags) by extension 'python'
[0.275s] Level 1:colcon.colcon_core.package_identification:_identify(bags) by extensions ['python_setup_py']
[0.275s] Level 1:colcon.colcon_core.package_identification:_identify(bags) by extension 'python_setup_py'
[0.275s] Level 1:colcon.colcon_core.package_identification:_identify(bags/biaoding) by extensions ['ignore', 'ignore_ament_install']
[0.275s] Level 1:colcon.colcon_core.package_identification:_identify(bags/biaoding) by extension 'ignore'
[0.275s] Level 1:colcon.colcon_core.package_identification:_identify(bags/biaoding) by extension 'ignore_ament_install'
[0.275s] Level 1:colcon.colcon_core.package_identification:_identify(bags/biaoding) by extensions ['colcon_pkg']
[0.275s] Level 1:colcon.colcon_core.package_identification:_identify(bags/biaoding) by extension 'colcon_pkg'
[0.275s] Level 1:colcon.colcon_core.package_identification:_identify(bags/biaoding) by extensions ['colcon_meta']
[0.275s] Level 1:colcon.colcon_core.package_identification:_identify(bags/biaoding) by extension 'colcon_meta'
[0.275s] Level 1:colcon.colcon_core.package_identification:_identify(bags/biaoding) by extensions ['ros']
[0.275s] Level 1:colcon.colcon_core.package_identification:_identify(bags/biaoding) by extension 'ros'
[0.275s] Level 1:colcon.colcon_core.package_identification:_identify(bags/biaoding) by extensions ['cmake', 'python']
[0.276s] Level 1:colcon.colcon_core.package_identification:_identify(bags/biaoding) by extension 'cmake'
[0.276s] Level 1:colcon.colcon_core.package_identification:_identify(bags/biaoding) by extension 'python'
[0.276s] Level 1:colcon.colcon_core.package_identification:_identify(bags/biaoding) by extensions ['python_setup_py']
[0.276s] Level 1:colcon.colcon_core.package_identification:_identify(bags/biaoding) by extension 'python_setup_py'
[0.276s] Level 1:colcon.colcon_core.package_identification:_identify(bags/trajectory_comparison) by extensions ['ignore', 'ignore_ament_install']
[0.276s] Level 1:colcon.colcon_core.package_identification:_identify(bags/trajectory_comparison) by extension 'ignore'
[0.276s] Level 1:colcon.colcon_core.package_identification:_identify(bags/trajectory_comparison) by extension 'ignore_ament_install'
[0.276s] Level 1:colcon.colcon_core.package_identification:_identify(bags/trajectory_comparison) by extensions ['colcon_pkg']
[0.276s] Level 1:colcon.colcon_core.package_identification:_identify(bags/trajectory_comparison) by extension 'colcon_pkg'
[0.276s] Level 1:colcon.colcon_core.package_identification:_identify(bags/trajectory_comparison) by extensions ['colcon_meta']
[0.276s] Level 1:colcon.colcon_core.package_identification:_identify(bags/trajectory_comparison) by extension 'colcon_meta'
[0.276s] Level 1:colcon.colcon_core.package_identification:_identify(bags/trajectory_comparison) by extensions ['ros']
[0.276s] Level 1:colcon.colcon_core.package_identification:_identify(bags/trajectory_comparison) by extension 'ros'
[0.276s] Level 1:colcon.colcon_core.package_identification:_identify(bags/trajectory_comparison) by extensions ['cmake', 'python']
[0.276s] Level 1:colcon.colcon_core.package_identification:_identify(bags/trajectory_comparison) by extension 'cmake'
[0.276s] Level 1:colcon.colcon_core.package_identification:_identify(bags/trajectory_comparison) by extension 'python'
[0.276s] Level 1:colcon.colcon_core.package_identification:_identify(bags/trajectory_comparison) by extensions ['python_setup_py']
[0.277s] Level 1:colcon.colcon_core.package_identification:_identify(bags/trajectory_comparison) by extension 'python_setup_py'
[0.277s] Level 1:colcon.colcon_core.package_identification:_identify(bags/trajectory_comparison1) by extensions ['ignore', 'ignore_ament_install']
[0.277s] Level 1:colcon.colcon_core.package_identification:_identify(bags/trajectory_comparison1) by extension 'ignore'
[0.277s] Level 1:colcon.colcon_core.package_identification:_identify(bags/trajectory_comparison1) by extension 'ignore_ament_install'
[0.277s] Level 1:colcon.colcon_core.package_identification:_identify(bags/trajectory_comparison1) by extensions ['colcon_pkg']
[0.277s] Level 1:colcon.colcon_core.package_identification:_identify(bags/trajectory_comparison1) by extension 'colcon_pkg'
[0.277s] Level 1:colcon.colcon_core.package_identification:_identify(bags/trajectory_comparison1) by extensions ['colcon_meta']
[0.277s] Level 1:colcon.colcon_core.package_identification:_identify(bags/trajectory_comparison1) by extension 'colcon_meta'
[0.277s] Level 1:colcon.colcon_core.package_identification:_identify(bags/trajectory_comparison1) by extensions ['ros']
[0.277s] Level 1:colcon.colcon_core.package_identification:_identify(bags/trajectory_comparison1) by extension 'ros'
[0.277s] Level 1:colcon.colcon_core.package_identification:_identify(bags/trajectory_comparison1) by extensions ['cmake', 'python']
[0.277s] Level 1:colcon.colcon_core.package_identification:_identify(bags/trajectory_comparison1) by extension 'cmake'
[0.277s] Level 1:colcon.colcon_core.package_identification:_identify(bags/trajectory_comparison1) by extension 'python'
[0.277s] Level 1:colcon.colcon_core.package_identification:_identify(bags/trajectory_comparison1) by extensions ['python_setup_py']
[0.277s] Level 1:colcon.colcon_core.package_identification:_identify(bags/trajectory_comparison1) by extension 'python_setup_py'
[0.277s] Level 1:colcon.colcon_core.package_identification:_identify(bags/trajectory_comparison2) by extensions ['ignore', 'ignore_ament_install']
[0.278s] Level 1:colcon.colcon_core.package_identification:_identify(bags/trajectory_comparison2) by extension 'ignore'
[0.278s] Level 1:colcon.colcon_core.package_identification:_identify(bags/trajectory_comparison2) by extension 'ignore_ament_install'
[0.278s] Level 1:colcon.colcon_core.package_identification:_identify(bags/trajectory_comparison2) by extensions ['colcon_pkg']
[0.278s] Level 1:colcon.colcon_core.package_identification:_identify(bags/trajectory_comparison2) by extension 'colcon_pkg'
[0.278s] Level 1:colcon.colcon_core.package_identification:_identify(bags/trajectory_comparison2) by extensions ['colcon_meta']
[0.278s] Level 1:colcon.colcon_core.package_identification:_identify(bags/trajectory_comparison2) by extension 'colcon_meta'
[0.278s] Level 1:colcon.colcon_core.package_identification:_identify(bags/trajectory_comparison2) by extensions ['ros']
[0.278s] Level 1:colcon.colcon_core.package_identification:_identify(bags/trajectory_comparison2) by extension 'ros'
[0.278s] Level 1:colcon.colcon_core.package_identification:_identify(bags/trajectory_comparison2) by extensions ['cmake', 'python']
[0.278s] Level 1:colcon.colcon_core.package_identification:_identify(bags/trajectory_comparison2) by extension 'cmake'
[0.278s] Level 1:colcon.colcon_core.package_identification:_identify(bags/trajectory_comparison2) by extension 'python'
[0.278s] Level 1:colcon.colcon_core.package_identification:_identify(bags/trajectory_comparison2) by extensions ['python_setup_py']
[0.278s] Level 1:colcon.colcon_core.package_identification:_identify(bags/trajectory_comparison2) by extension 'python_setup_py'
[0.278s] Level 1:colcon.colcon_core.package_identification:_identify(bags/trajectory_comparison521) by extensions ['ignore', 'ignore_ament_install']
[0.278s] Level 1:colcon.colcon_core.package_identification:_identify(bags/trajectory_comparison521) by extension 'ignore'
[0.279s] Level 1:colcon.colcon_core.package_identification:_identify(bags/trajectory_comparison521) by extension 'ignore_ament_install'
[0.279s] Level 1:colcon.colcon_core.package_identification:_identify(bags/trajectory_comparison521) by extensions ['colcon_pkg']
[0.279s] Level 1:colcon.colcon_core.package_identification:_identify(bags/trajectory_comparison521) by extension 'colcon_pkg'
[0.279s] Level 1:colcon.colcon_core.package_identification:_identify(bags/trajectory_comparison521) by extensions ['colcon_meta']
[0.279s] Level 1:colcon.colcon_core.package_identification:_identify(bags/trajectory_comparison521) by extension 'colcon_meta'
[0.279s] Level 1:colcon.colcon_core.package_identification:_identify(bags/trajectory_comparison521) by extensions ['ros']
[0.279s] Level 1:colcon.colcon_core.package_identification:_identify(bags/trajectory_comparison521) by extension 'ros'
[0.279s] Level 1:colcon.colcon_core.package_identification:_identify(bags/trajectory_comparison521) by extensions ['cmake', 'python']
[0.279s] Level 1:colcon.colcon_core.package_identification:_identify(bags/trajectory_comparison521) by extension 'cmake'
[0.279s] Level 1:colcon.colcon_core.package_identification:_identify(bags/trajectory_comparison521) by extension 'python'
[0.279s] Level 1:colcon.colcon_core.package_identification:_identify(bags/trajectory_comparison521) by extensions ['python_setup_py']
[0.279s] Level 1:colcon.colcon_core.package_identification:_identify(bags/trajectory_comparison521) by extension 'python_setup_py'
[0.279s] Level 1:colcon.colcon_core.package_identification:_identify(bags/trajectory_comparison5212) by extensions ['ignore', 'ignore_ament_install']
[0.279s] Level 1:colcon.colcon_core.package_identification:_identify(bags/trajectory_comparison5212) by extension 'ignore'
[0.279s] Level 1:colcon.colcon_core.package_identification:_identify(bags/trajectory_comparison5212) by extension 'ignore_ament_install'
[0.279s] Level 1:colcon.colcon_core.package_identification:_identify(bags/trajectory_comparison5212) by extensions ['colcon_pkg']
[0.279s] Level 1:colcon.colcon_core.package_identification:_identify(bags/trajectory_comparison5212) by extension 'colcon_pkg'
[0.279s] Level 1:colcon.colcon_core.package_identification:_identify(bags/trajectory_comparison5212) by extensions ['colcon_meta']
[0.280s] Level 1:colcon.colcon_core.package_identification:_identify(bags/trajectory_comparison5212) by extension 'colcon_meta'
[0.280s] Level 1:colcon.colcon_core.package_identification:_identify(bags/trajectory_comparison5212) by extensions ['ros']
[0.280s] Level 1:colcon.colcon_core.package_identification:_identify(bags/trajectory_comparison5212) by extension 'ros'
[0.280s] Level 1:colcon.colcon_core.package_identification:_identify(bags/trajectory_comparison5212) by extensions ['cmake', 'python']
[0.280s] Level 1:colcon.colcon_core.package_identification:_identify(bags/trajectory_comparison5212) by extension 'cmake'
[0.280s] Level 1:colcon.colcon_core.package_identification:_identify(bags/trajectory_comparison5212) by extension 'python'
[0.280s] Level 1:colcon.colcon_core.package_identification:_identify(bags/trajectory_comparison5212) by extensions ['python_setup_py']
[0.280s] Level 1:colcon.colcon_core.package_identification:_identify(bags/trajectory_comparison5212) by extension 'python_setup_py'
[0.280s] Level 1:colcon.colcon_core.package_identification:_identify(build) by extensions ['ignore', 'ignore_ament_install']
[0.280s] Level 1:colcon.colcon_core.package_identification:_identify(build) by extension 'ignore'
[0.280s] Level 1:colcon.colcon_core.package_identification:_identify(build) ignored
[0.280s] Level 1:colcon.colcon_core.package_identification:_identify(install) by extensions ['ignore', 'ignore_ament_install']
[0.280s] Level 1:colcon.colcon_core.package_identification:_identify(install) by extension 'ignore'
[0.280s] Level 1:colcon.colcon_core.package_identification:_identify(install) ignored
[0.281s] Level 1:colcon.colcon_core.package_identification:_identify(log) by extensions ['ignore', 'ignore_ament_install']
[0.281s] Level 1:colcon.colcon_core.package_identification:_identify(log) by extension 'ignore'
[0.281s] Level 1:colcon.colcon_core.package_identification:_identify(log) ignored
[0.281s] Level 1:colcon.colcon_core.package_identification:_identify(maps) by extensions ['ignore', 'ignore_ament_install']
[0.281s] Level 1:colcon.colcon_core.package_identification:_identify(maps) by extension 'ignore'
[0.281s] Level 1:colcon.colcon_core.package_identification:_identify(maps) by extension 'ignore_ament_install'
[0.281s] Level 1:colcon.colcon_core.package_identification:_identify(maps) by extensions ['colcon_pkg']
[0.281s] Level 1:colcon.colcon_core.package_identification:_identify(maps) by extension 'colcon_pkg'
[0.281s] Level 1:colcon.colcon_core.package_identification:_identify(maps) by extensions ['colcon_meta']
[0.281s] Level 1:colcon.colcon_core.package_identification:_identify(maps) by extension 'colcon_meta'
[0.281s] Level 1:colcon.colcon_core.package_identification:_identify(maps) by extensions ['ros']
[0.281s] Level 1:colcon.colcon_core.package_identification:_identify(maps) by extension 'ros'
[0.281s] Level 1:colcon.colcon_core.package_identification:_identify(maps) by extensions ['cmake', 'python']
[0.281s] Level 1:colcon.colcon_core.package_identification:_identify(maps) by extension 'cmake'
[0.281s] Level 1:colcon.colcon_core.package_identification:_identify(maps) by extension 'python'
[0.282s] Level 1:colcon.colcon_core.package_identification:_identify(maps) by extensions ['python_setup_py']
[0.282s] Level 1:colcon.colcon_core.package_identification:_identify(maps) by extension 'python_setup_py'
[0.282s] Level 1:colcon.colcon_core.package_identification:_identify(maps/map052701) by extensions ['ignore', 'ignore_ament_install']
[0.282s] Level 1:colcon.colcon_core.package_identification:_identify(maps/map052701) by extension 'ignore'
[0.282s] Level 1:colcon.colcon_core.package_identification:_identify(maps/map052701) by extension 'ignore_ament_install'
[0.282s] Level 1:colcon.colcon_core.package_identification:_identify(maps/map052701) by extensions ['colcon_pkg']
[0.282s] Level 1:colcon.colcon_core.package_identification:_identify(maps/map052701) by extension 'colcon_pkg'
[0.282s] Level 1:colcon.colcon_core.package_identification:_identify(maps/map052701) by extensions ['colcon_meta']
[0.282s] Level 1:colcon.colcon_core.package_identification:_identify(maps/map052701) by extension 'colcon_meta'
[0.282s] Level 1:colcon.colcon_core.package_identification:_identify(maps/map052701) by extensions ['ros']
[0.282s] Level 1:colcon.colcon_core.package_identification:_identify(maps/map052701) by extension 'ros'
[0.282s] Level 1:colcon.colcon_core.package_identification:_identify(maps/map052701) by extensions ['cmake', 'python']
[0.282s] Level 1:colcon.colcon_core.package_identification:_identify(maps/map052701) by extension 'cmake'
[0.282s] Level 1:colcon.colcon_core.package_identification:_identify(maps/map052701) by extension 'python'
[0.282s] Level 1:colcon.colcon_core.package_identification:_identify(maps/map052701) by extensions ['python_setup_py']
[0.282s] Level 1:colcon.colcon_core.package_identification:_identify(maps/map052701) by extension 'python_setup_py'
[0.282s] Level 1:colcon.colcon_core.package_identification:_identify(src) by extensions ['ignore', 'ignore_ament_install']
[0.283s] Level 1:colcon.colcon_core.package_identification:_identify(src) by extension 'ignore'
[0.283s] Level 1:colcon.colcon_core.package_identification:_identify(src) by extension 'ignore_ament_install'
[0.283s] Level 1:colcon.colcon_core.package_identification:_identify(src) by extensions ['colcon_pkg']
[0.283s] Level 1:colcon.colcon_core.package_identification:_identify(src) by extension 'colcon_pkg'
[0.283s] Level 1:colcon.colcon_core.package_identification:_identify(src) by extensions ['colcon_meta']
[0.283s] Level 1:colcon.colcon_core.package_identification:_identify(src) by extension 'colcon_meta'
[0.283s] Level 1:colcon.colcon_core.package_identification:_identify(src) by extensions ['ros']
[0.283s] Level 1:colcon.colcon_core.package_identification:_identify(src) by extension 'ros'
[0.283s] Level 1:colcon.colcon_core.package_identification:_identify(src) by extensions ['cmake', 'python']
[0.283s] Level 1:colcon.colcon_core.package_identification:_identify(src) by extension 'cmake'
[0.283s] Level 1:colcon.colcon_core.package_identification:_identify(src) by extension 'python'
[0.283s] Level 1:colcon.colcon_core.package_identification:_identify(src) by extensions ['python_setup_py']
[0.283s] Level 1:colcon.colcon_core.package_identification:_identify(src) by extension 'python_setup_py'
[0.283s] Level 1:colcon.colcon_core.package_identification:_identify(src/rtk_localization) by extensions ['ignore', 'ignore_ament_install']
[0.283s] Level 1:colcon.colcon_core.package_identification:_identify(src/rtk_localization) by extension 'ignore'
[0.283s] Level 1:colcon.colcon_core.package_identification:_identify(src/rtk_localization) by extension 'ignore_ament_install'
[0.283s] Level 1:colcon.colcon_core.package_identification:_identify(src/rtk_localization) by extensions ['colcon_pkg']
[0.283s] Level 1:colcon.colcon_core.package_identification:_identify(src/rtk_localization) by extension 'colcon_pkg'
[0.284s] Level 1:colcon.colcon_core.package_identification:_identify(src/rtk_localization) by extensions ['colcon_meta']
[0.284s] Level 1:colcon.colcon_core.package_identification:_identify(src/rtk_localization) by extension 'colcon_meta'
[0.284s] Level 1:colcon.colcon_core.package_identification:_identify(src/rtk_localization) by extensions ['ros']
[0.284s] Level 1:colcon.colcon_core.package_identification:_identify(src/rtk_localization) by extension 'ros'
[0.287s] DEBUG:colcon.colcon_core.package_identification:Package 'src/rtk_localization' with type 'ros.ament_cmake' and name 'rtk_localization'
[0.288s] Level 1:colcon.colcon_core.package_identification:_identify(src/um982_driver_ros2_jazzy) by extensions ['ignore', 'ignore_ament_install']
[0.288s] Level 1:colcon.colcon_core.package_identification:_identify(src/um982_driver_ros2_jazzy) by extension 'ignore'
[0.288s] Level 1:colcon.colcon_core.package_identification:_identify(src/um982_driver_ros2_jazzy) by extension 'ignore_ament_install'
[0.288s] Level 1:colcon.colcon_core.package_identification:_identify(src/um982_driver_ros2_jazzy) by extensions ['colcon_pkg']
[0.288s] Level 1:colcon.colcon_core.package_identification:_identify(src/um982_driver_ros2_jazzy) by extension 'colcon_pkg'
[0.288s] Level 1:colcon.colcon_core.package_identification:_identify(src/um982_driver_ros2_jazzy) by extensions ['colcon_meta']
[0.288s] Level 1:colcon.colcon_core.package_identification:_identify(src/um982_driver_ros2_jazzy) by extension 'colcon_meta'
[0.288s] Level 1:colcon.colcon_core.package_identification:_identify(src/um982_driver_ros2_jazzy) by extensions ['ros']
[0.288s] Level 1:colcon.colcon_core.package_identification:_identify(src/um982_driver_ros2_jazzy) by extension 'ros'
[0.289s] DEBUG:colcon.colcon_core.package_identification:Package 'src/um982_driver_ros2_jazzy' with type 'ros.ament_python' and name 'nmea_navsat_driver'
[0.289s] Level 1:colcon.colcon_core.package_discovery:discover_packages(recursive) using defaults
[0.289s] Level 1:colcon.colcon_core.package_discovery:discover_packages(ignore) discover
[0.289s] Level 1:colcon.colcon_core.package_discovery:discover_packages(ignore) using defaults
[0.289s] Level 1:colcon.colcon_core.package_discovery:discover_packages(path) discover
[0.289s] Level 1:colcon.colcon_core.package_discovery:discover_packages(path) using defaults
[0.317s] Level 1:colcon.colcon_core.package_discovery:discover_packages(prefix_path) check parameters
[0.317s] Level 1:colcon.colcon_core.package_discovery:discover_packages(prefix_path) discover
[0.320s] DEBUG:colcon.colcon_installed_package_information.package_discovery:Found 2 installed packages in /home/cat/rtk_verify_ws/install
[0.322s] DEBUG:colcon.colcon_installed_package_information.package_discovery:Found 20 installed packages in /home/cat/ranger_ws/install
[0.322s] DEBUG:colcon.colcon_installed_package_information.package_discovery:Found 1 installed packages in /home/cat/rtk_ws/install
[0.325s] DEBUG:colcon.colcon_installed_package_information.package_discovery:Found 414 installed packages in /opt/ros/jazzy
[0.329s] Level 1:colcon.colcon_core.package_discovery:discover_packages(prefix_path) using defaults
[0.415s] Level 5:colcon.colcon_core.verb:set package 'nmea_navsat_driver' build argument 'cmake_args' from command line to '['-DCMAKE_BUILD_TYPE=Release']'
[0.415s] Level 5:colcon.colcon_core.verb:set package 'nmea_navsat_driver' build argument 'cmake_target' from command line to 'None'
[0.415s] Level 5:colcon.colcon_core.verb:set package 'nmea_navsat_driver' build argument 'cmake_target_skip_unavailable' from command line to 'False'
[0.415s] Level 5:colcon.colcon_core.verb:set package 'nmea_navsat_driver' build argument 'cmake_clean_cache' from command line to 'False'
[0.415s] Level 5:colcon.colcon_core.verb:set package 'nmea_navsat_driver' build argument 'cmake_clean_first' from command line to 'False'
[0.415s] Level 5:colcon.colcon_core.verb:set package 'nmea_navsat_driver' build argument 'cmake_force_configure' from command line to 'False'
[0.415s] Level 5:colcon.colcon_core.verb:set package 'nmea_navsat_driver' build argument 'ament_cmake_args' from command line to 'None'
[0.415s] Level 5:colcon.colcon_core.verb:set package 'nmea_navsat_driver' build argument 'catkin_cmake_args' from command line to 'None'
[0.415s] Level 5:colcon.colcon_core.verb:set package 'nmea_navsat_driver' build argument 'catkin_skip_building_tests' from command line to 'False'
[0.415s] DEBUG:colcon.colcon_core.verb:Building package 'nmea_navsat_driver' with the following arguments: {'ament_cmake_args': None, 'build_base': '/home/cat/rtk_verify_ws/build/nmea_navsat_driver', 'catkin_cmake_args': None, 'catkin_skip_building_tests': False, 'cmake_args': ['-DCMAKE_BUILD_TYPE=Release'], 'cmake_clean_cache': False, 'cmake_clean_first': False, 'cmake_force_configure': False, 'cmake_target': None, 'cmake_target_skip_unavailable': False, 'install_base': '/home/cat/rtk_verify_ws/install/nmea_navsat_driver', 'merge_install': False, 'path': '/home/cat/rtk_verify_ws/src/um982_driver_ros2_jazzy', 'symlink_install': True, 'test_result_base': None}
[0.416s] Level 5:colcon.colcon_core.verb:set package 'rtk_localization' build argument 'cmake_args' from command line to '['-DCMAKE_BUILD_TYPE=Release']'
[0.416s] Level 5:colcon.colcon_core.verb:set package 'rtk_localization' build argument 'cmake_target' from command line to 'None'
[0.416s] Level 5:colcon.colcon_core.verb:set package 'rtk_localization' build argument 'cmake_target_skip_unavailable' from command line to 'False'
[0.416s] Level 5:colcon.colcon_core.verb:set package 'rtk_localization' build argument 'cmake_clean_cache' from command line to 'False'
[0.416s] Level 5:colcon.colcon_core.verb:set package 'rtk_localization' build argument 'cmake_clean_first' from command line to 'False'
[0.416s] Level 5:colcon.colcon_core.verb:set package 'rtk_localization' build argument 'cmake_force_configure' from command line to 'False'
[0.416s] Level 5:colcon.colcon_core.verb:set package 'rtk_localization' build argument 'ament_cmake_args' from command line to 'None'
[0.416s] Level 5:colcon.colcon_core.verb:set package 'rtk_localization' build argument 'catkin_cmake_args' from command line to 'None'
[0.416s] Level 5:colcon.colcon_core.verb:set package 'rtk_localization' build argument 'catkin_skip_building_tests' from command line to 'False'
[0.416s] DEBUG:colcon.colcon_core.verb:Building package 'rtk_localization' with the following arguments: {'ament_cmake_args': None, 'build_base': '/home/cat/rtk_verify_ws/build/rtk_localization', 'catkin_cmake_args': None, 'catkin_skip_building_tests': False, 'cmake_args': ['-DCMAKE_BUILD_TYPE=Release'], 'cmake_clean_cache': False, 'cmake_clean_first': False, 'cmake_force_configure': False, 'cmake_target': None, 'cmake_target_skip_unavailable': False, 'install_base': '/home/cat/rtk_verify_ws/install/rtk_localization', 'merge_install': False, 'path': '/home/cat/rtk_verify_ws/src/rtk_localization', 'symlink_install': True, 'test_result_base': None}
[0.417s] INFO:colcon.colcon_core.executor:Executing jobs using 'parallel' executor
[0.418s] DEBUG:colcon.colcon_parallel_executor.executor.parallel:run_until_complete
[0.419s] INFO:colcon.colcon_ros.task.ament_python.build:Building ROS package in '/home/cat/rtk_verify_ws/src/um982_driver_ros2_jazzy' with build type 'ament_python'
[0.419s] Level 1:colcon.colcon_core.shell:create_environment_hook('nmea_navsat_driver', 'ament_prefix_path')
[0.422s] INFO:colcon.colcon_core.plugin_system:Skipping extension 'colcon_core.shell.bat': Not used on non-Windows systems
[0.422s] INFO:colcon.colcon_core.shell:Creating environment hook '/home/cat/rtk_verify_ws/install/nmea_navsat_driver/share/nmea_navsat_driver/hook/ament_prefix_path.ps1'
[0.423s] INFO:colcon.colcon_core.shell:Creating environment descriptor '/home/cat/rtk_verify_ws/install/nmea_navsat_driver/share/nmea_navsat_driver/hook/ament_prefix_path.dsv'
[0.424s] INFO:colcon.colcon_core.shell:Creating environment hook '/home/cat/rtk_verify_ws/install/nmea_navsat_driver/share/nmea_navsat_driver/hook/ament_prefix_path.sh'
[0.424s] INFO:colcon.colcon_core.shell:Skip shell extension 'powershell' for command environment: Not usable outside of PowerShell
[0.424s] DEBUG:colcon.colcon_core.shell:Skip shell extension 'dsv' for command environment
[0.433s] INFO:colcon.colcon_ros.task.ament_cmake.build:Building ROS package in '/home/cat/rtk_verify_ws/src/rtk_localization' with build type 'ament_cmake'
[0.434s] INFO:colcon.colcon_cmake.task.cmake.build:Building CMake package in '/home/cat/rtk_verify_ws/src/rtk_localization'
[0.434s] INFO:colcon.colcon_core.shell:Skip shell extension 'powershell' for command environment: Not usable outside of PowerShell
[0.434s] DEBUG:colcon.colcon_core.shell:Skip shell extension 'dsv' for command environment
[0.819s] INFO:colcon.colcon_core.task.python.build:Building Python package in '/home/cat/rtk_verify_ws/src/um982_driver_ros2_jazzy'
[0.820s] INFO:colcon.colcon_core.shell:Skip shell extension 'powershell' for command environment: Not usable outside of PowerShell
[0.820s] DEBUG:colcon.colcon_core.shell:Skip shell extension 'dsv' for command environment
[0.838s] DEBUG:colcon.colcon_core.event_handler.log_command:Invoking command in '/home/cat/rtk_verify_ws/build/rtk_localization': CMAKE_PREFIX_PATH=/home/cat/rtk_verify_ws/install/rtk_localization:/home/cat/ranger_ws/install/ranger_base:/home/cat/rtk_verify_ws/install/nmea_navsat_driver:/home/cat/ranger_ws/install/ranger_defense:/home/cat/ranger_ws/install/hw_interrupt:/home/cat/ranger_ws/install/advanced_crop_follower:/home/cat/rtk_ws/install/nmea_navsat_driver:/opt/ros/jazzy:/home/cat/ranger_ws/install/ugv_sdk:/home/cat/ranger_ws/install/ranger_gicp_localization:/home/cat/ranger_ws/install/small_gicp:/home/cat/ranger_ws/install/rslidar_sdk:/home/cat/ranger_ws/install/rslidar_msg:/home/cat/ranger_ws/install/rs_to_velodyne:/home/cat/ranger_ws/install/ranger_navigation:/home/cat/ranger_ws/install/ranger_msgs:/home/cat/ranger_ws/install/ranger_custom_description:/home/cat/ranger_ws/install/ranger_bringup:/home/cat/ranger_ws/install/pcd2pgm:/home/cat/ranger_ws/install/lidar_localization_ros2:/home/cat/ranger_ws/install/ndt_omp_ros2:/home/cat/ranger_ws/install/lio_sam:/home/cat/ranger_ws/install/hipnuc_imu:/home/cat/ranger_ws/install/hipnuc_lib_package:/opt/ros/jazzy/opt/gz_sim_vendor:/opt/ros/jazzy/opt/gz_sensors_vendor:/opt/ros/jazzy/opt/gz_physics_vendor:/opt/ros/jazzy/opt/sdformat_vendor:/opt/ros/jazzy/opt/gz_gui_vendor:/opt/ros/jazzy/opt/gz_transport_vendor:/opt/ros/jazzy/opt/gz_rendering_vendor:/opt/ros/jazzy/opt/gz_plugin_vendor:/opt/ros/jazzy/opt/gz_fuel_tools_vendor:/opt/ros/jazzy/opt/gz_msgs_vendor:/opt/ros/jazzy/opt/gz_common_vendor:/opt/ros/jazzy/opt/gz_math_vendor:/opt/ros/jazzy/opt/gz_utils_vendor:/opt/ros/jazzy/opt/gz_tools_vendor:/opt/ros/jazzy/opt/gz_ogre_next_vendor:/opt/ros/jazzy/opt/gz_dartsim_vendor:/opt/ros/jazzy/opt/gz_cmake_vendor DEBUGINFOD_URLS=https://debuginfod.ubuntu.com /usr/bin/cmake /home/cat/rtk_verify_ws/src/rtk_localization -DCMAKE_BUILD_TYPE=Release -DAMENT_CMAKE_SYMLINK_INSTALL=1 -DCMAKE_INSTALL_PREFIX=/home/cat/rtk_verify_ws/install/rtk_localization
[1.863s] DEBUG:colcon.colcon_core.event_handler.log_command:Invoking command in '/home/cat/rtk_verify_ws/build/nmea_navsat_driver': DEBUGINFOD_URLS=https://debuginfod.ubuntu.com PYTHONPATH=/home/cat/rtk_verify_ws/build/nmea_navsat_driver/prefix_override:/usr/lib/python3/dist-packages/colcon_core/task/python/colcon_distutils_commands:/home/cat/rtk_verify_ws/install/nmea_navsat_driver/lib/python3.12/site-packages:${PYTHONPATH} /usr/bin/python3 -W ignore:setup.py install is deprecated -W ignore:easy_install command is deprecated setup.py develop --editable --build-directory /home/cat/rtk_verify_ws/build/nmea_navsat_driver/build --no-deps symlink_data
[2.396s] DEBUG:colcon.colcon_core.event_handler.log_command:Invoked command in '/home/cat/rtk_verify_ws/build/rtk_localization' returned '0': CMAKE_PREFIX_PATH=/home/cat/rtk_verify_ws/install/rtk_localization:/home/cat/ranger_ws/install/ranger_base:/home/cat/rtk_verify_ws/install/nmea_navsat_driver:/home/cat/ranger_ws/install/ranger_defense:/home/cat/ranger_ws/install/hw_interrupt:/home/cat/ranger_ws/install/advanced_crop_follower:/home/cat/rtk_ws/install/nmea_navsat_driver:/opt/ros/jazzy:/home/cat/ranger_ws/install/ugv_sdk:/home/cat/ranger_ws/install/ranger_gicp_localization:/home/cat/ranger_ws/install/small_gicp:/home/cat/ranger_ws/install/rslidar_sdk:/home/cat/ranger_ws/install/rslidar_msg:/home/cat/ranger_ws/install/rs_to_velodyne:/home/cat/ranger_ws/install/ranger_navigation:/home/cat/ranger_ws/install/ranger_msgs:/home/cat/ranger_ws/install/ranger_custom_description:/home/cat/ranger_ws/install/ranger_bringup:/home/cat/ranger_ws/install/pcd2pgm:/home/cat/ranger_ws/install/lidar_localization_ros2:/home/cat/ranger_ws/install/ndt_omp_ros2:/home/cat/ranger_ws/install/lio_sam:/home/cat/ranger_ws/install/hipnuc_imu:/home/cat/ranger_ws/install/hipnuc_lib_package:/opt/ros/jazzy/opt/gz_sim_vendor:/opt/ros/jazzy/opt/gz_sensors_vendor:/opt/ros/jazzy/opt/gz_physics_vendor:/opt/ros/jazzy/opt/sdformat_vendor:/opt/ros/jazzy/opt/gz_gui_vendor:/opt/ros/jazzy/opt/gz_transport_vendor:/opt/ros/jazzy/opt/gz_rendering_vendor:/opt/ros/jazzy/opt/gz_plugin_vendor:/opt/ros/jazzy/opt/gz_fuel_tools_vendor:/opt/ros/jazzy/opt/gz_msgs_vendor:/opt/ros/jazzy/opt/gz_common_vendor:/opt/ros/jazzy/opt/gz_math_vendor:/opt/ros/jazzy/opt/gz_utils_vendor:/opt/ros/jazzy/opt/gz_tools_vendor:/opt/ros/jazzy/opt/gz_ogre_next_vendor:/opt/ros/jazzy/opt/gz_dartsim_vendor:/opt/ros/jazzy/opt/gz_cmake_vendor DEBUGINFOD_URLS=https://debuginfod.ubuntu.com /usr/bin/cmake /home/cat/rtk_verify_ws/src/rtk_localization -DCMAKE_BUILD_TYPE=Release -DAMENT_CMAKE_SYMLINK_INSTALL=1 -DCMAKE_INSTALL_PREFIX=/home/cat/rtk_verify_ws/install/rtk_localization
[2.402s] DEBUG:colcon.colcon_core.event_handler.log_command:Invoking command in '/home/cat/rtk_verify_ws/build/rtk_localization': CMAKE_PREFIX_PATH=/home/cat/rtk_verify_ws/install/rtk_localization:/home/cat/ranger_ws/install/ranger_base:/home/cat/rtk_verify_ws/install/nmea_navsat_driver:/home/cat/ranger_ws/install/ranger_defense:/home/cat/ranger_ws/install/hw_interrupt:/home/cat/ranger_ws/install/advanced_crop_follower:/home/cat/rtk_ws/install/nmea_navsat_driver:/opt/ros/jazzy:/home/cat/ranger_ws/install/ugv_sdk:/home/cat/ranger_ws/install/ranger_gicp_localization:/home/cat/ranger_ws/install/small_gicp:/home/cat/ranger_ws/install/rslidar_sdk:/home/cat/ranger_ws/install/rslidar_msg:/home/cat/ranger_ws/install/rs_to_velodyne:/home/cat/ranger_ws/install/ranger_navigation:/home/cat/ranger_ws/install/ranger_msgs:/home/cat/ranger_ws/install/ranger_custom_description:/home/cat/ranger_ws/install/ranger_bringup:/home/cat/ranger_ws/install/pcd2pgm:/home/cat/ranger_ws/install/lidar_localization_ros2:/home/cat/ranger_ws/install/ndt_omp_ros2:/home/cat/ranger_ws/install/lio_sam:/home/cat/ranger_ws/install/hipnuc_imu:/home/cat/ranger_ws/install/hipnuc_lib_package:/opt/ros/jazzy/opt/gz_sim_vendor:/opt/ros/jazzy/opt/gz_sensors_vendor:/opt/ros/jazzy/opt/gz_physics_vendor:/opt/ros/jazzy/opt/sdformat_vendor:/opt/ros/jazzy/opt/gz_gui_vendor:/opt/ros/jazzy/opt/gz_transport_vendor:/opt/ros/jazzy/opt/gz_rendering_vendor:/opt/ros/jazzy/opt/gz_plugin_vendor:/opt/ros/jazzy/opt/gz_fuel_tools_vendor:/opt/ros/jazzy/opt/gz_msgs_vendor:/opt/ros/jazzy/opt/gz_common_vendor:/opt/ros/jazzy/opt/gz_math_vendor:/opt/ros/jazzy/opt/gz_utils_vendor:/opt/ros/jazzy/opt/gz_tools_vendor:/opt/ros/jazzy/opt/gz_ogre_next_vendor:/opt/ros/jazzy/opt/gz_dartsim_vendor:/opt/ros/jazzy/opt/gz_cmake_vendor DEBUGINFOD_URLS=https://debuginfod.ubuntu.com /usr/bin/cmake --build /home/cat/rtk_verify_ws/build/rtk_localization -- -j8 -l8
[2.499s] DEBUG:colcon.colcon_core.event_handler.log_command:Invoked command in '/home/cat/rtk_verify_ws/build/rtk_localization' returned '0': CMAKE_PREFIX_PATH=/home/cat/rtk_verify_ws/install/rtk_localization:/home/cat/ranger_ws/install/ranger_base:/home/cat/rtk_verify_ws/install/nmea_navsat_driver:/home/cat/ranger_ws/install/ranger_defense:/home/cat/ranger_ws/install/hw_interrupt:/home/cat/ranger_ws/install/advanced_crop_follower:/home/cat/rtk_ws/install/nmea_navsat_driver:/opt/ros/jazzy:/home/cat/ranger_ws/install/ugv_sdk:/home/cat/ranger_ws/install/ranger_gicp_localization:/home/cat/ranger_ws/install/small_gicp:/home/cat/ranger_ws/install/rslidar_sdk:/home/cat/ranger_ws/install/rslidar_msg:/home/cat/ranger_ws/install/rs_to_velodyne:/home/cat/ranger_ws/install/ranger_navigation:/home/cat/ranger_ws/install/ranger_msgs:/home/cat/ranger_ws/install/ranger_custom_description:/home/cat/ranger_ws/install/ranger_bringup:/home/cat/ranger_ws/install/pcd2pgm:/home/cat/ranger_ws/install/lidar_localization_ros2:/home/cat/ranger_ws/install/ndt_omp_ros2:/home/cat/ranger_ws/install/lio_sam:/home/cat/ranger_ws/install/hipnuc_imu:/home/cat/ranger_ws/install/hipnuc_lib_package:/opt/ros/jazzy/opt/gz_sim_vendor:/opt/ros/jazzy/opt/gz_sensors_vendor:/opt/ros/jazzy/opt/gz_physics_vendor:/opt/ros/jazzy/opt/sdformat_vendor:/opt/ros/jazzy/opt/gz_gui_vendor:/opt/ros/jazzy/opt/gz_transport_vendor:/opt/ros/jazzy/opt/gz_rendering_vendor:/opt/ros/jazzy/opt/gz_plugin_vendor:/opt/ros/jazzy/opt/gz_fuel_tools_vendor:/opt/ros/jazzy/opt/gz_msgs_vendor:/opt/ros/jazzy/opt/gz_common_vendor:/opt/ros/jazzy/opt/gz_math_vendor:/opt/ros/jazzy/opt/gz_utils_vendor:/opt/ros/jazzy/opt/gz_tools_vendor:/opt/ros/jazzy/opt/gz_ogre_next_vendor:/opt/ros/jazzy/opt/gz_dartsim_vendor:/opt/ros/jazzy/opt/gz_cmake_vendor DEBUGINFOD_URLS=https://debuginfod.ubuntu.com /usr/bin/cmake --build /home/cat/rtk_verify_ws/build/rtk_localization -- -j8 -l8
[2.521s] DEBUG:colcon.colcon_core.event_handler.log_command:Invoking command in '/home/cat/rtk_verify_ws/build/rtk_localization': CMAKE_PREFIX_PATH=/home/cat/rtk_verify_ws/install/rtk_localization:/home/cat/ranger_ws/install/ranger_base:/home/cat/rtk_verify_ws/install/nmea_navsat_driver:/home/cat/ranger_ws/install/ranger_defense:/home/cat/ranger_ws/install/hw_interrupt:/home/cat/ranger_ws/install/advanced_crop_follower:/home/cat/rtk_ws/install/nmea_navsat_driver:/opt/ros/jazzy:/home/cat/ranger_ws/install/ugv_sdk:/home/cat/ranger_ws/install/ranger_gicp_localization:/home/cat/ranger_ws/install/small_gicp:/home/cat/ranger_ws/install/rslidar_sdk:/home/cat/ranger_ws/install/rslidar_msg:/home/cat/ranger_ws/install/rs_to_velodyne:/home/cat/ranger_ws/install/ranger_navigation:/home/cat/ranger_ws/install/ranger_msgs:/home/cat/ranger_ws/install/ranger_custom_description:/home/cat/ranger_ws/install/ranger_bringup:/home/cat/ranger_ws/install/pcd2pgm:/home/cat/ranger_ws/install/lidar_localization_ros2:/home/cat/ranger_ws/install/ndt_omp_ros2:/home/cat/ranger_ws/install/lio_sam:/home/cat/ranger_ws/install/hipnuc_imu:/home/cat/ranger_ws/install/hipnuc_lib_package:/opt/ros/jazzy/opt/gz_sim_vendor:/opt/ros/jazzy/opt/gz_sensors_vendor:/opt/ros/jazzy/opt/gz_physics_vendor:/opt/ros/jazzy/opt/sdformat_vendor:/opt/ros/jazzy/opt/gz_gui_vendor:/opt/ros/jazzy/opt/gz_transport_vendor:/opt/ros/jazzy/opt/gz_rendering_vendor:/opt/ros/jazzy/opt/gz_plugin_vendor:/opt/ros/jazzy/opt/gz_fuel_tools_vendor:/opt/ros/jazzy/opt/gz_msgs_vendor:/opt/ros/jazzy/opt/gz_common_vendor:/opt/ros/jazzy/opt/gz_math_vendor:/opt/ros/jazzy/opt/gz_utils_vendor:/opt/ros/jazzy/opt/gz_tools_vendor:/opt/ros/jazzy/opt/gz_ogre_next_vendor:/opt/ros/jazzy/opt/gz_dartsim_vendor:/opt/ros/jazzy/opt/gz_cmake_vendor DEBUGINFOD_URLS=https://debuginfod.ubuntu.com /usr/bin/cmake --install /home/cat/rtk_verify_ws/build/rtk_localization
[2.589s] Level 1:colcon.colcon_core.environment:create_environment_scripts_only(rtk_localization)
[2.590s] DEBUG:colcon.colcon_core.event_handler.log_command:Invoked command in '/home/cat/rtk_verify_ws/build/rtk_localization' returned '0': CMAKE_PREFIX_PATH=/home/cat/rtk_verify_ws/install/rtk_localization:/home/cat/ranger_ws/install/ranger_base:/home/cat/rtk_verify_ws/install/nmea_navsat_driver:/home/cat/ranger_ws/install/ranger_defense:/home/cat/ranger_ws/install/hw_interrupt:/home/cat/ranger_ws/install/advanced_crop_follower:/home/cat/rtk_ws/install/nmea_navsat_driver:/opt/ros/jazzy:/home/cat/ranger_ws/install/ugv_sdk:/home/cat/ranger_ws/install/ranger_gicp_localization:/home/cat/ranger_ws/install/small_gicp:/home/cat/ranger_ws/install/rslidar_sdk:/home/cat/ranger_ws/install/rslidar_msg:/home/cat/ranger_ws/install/rs_to_velodyne:/home/cat/ranger_ws/install/ranger_navigation:/home/cat/ranger_ws/install/ranger_msgs:/home/cat/ranger_ws/install/ranger_custom_description:/home/cat/ranger_ws/install/ranger_bringup:/home/cat/ranger_ws/install/pcd2pgm:/home/cat/ranger_ws/install/lidar_localization_ros2:/home/cat/ranger_ws/install/ndt_omp_ros2:/home/cat/ranger_ws/install/lio_sam:/home/cat/ranger_ws/install/hipnuc_imu:/home/cat/ranger_ws/install/hipnuc_lib_package:/opt/ros/jazzy/opt/gz_sim_vendor:/opt/ros/jazzy/opt/gz_sensors_vendor:/opt/ros/jazzy/opt/gz_physics_vendor:/opt/ros/jazzy/opt/sdformat_vendor:/opt/ros/jazzy/opt/gz_gui_vendor:/opt/ros/jazzy/opt/gz_transport_vendor:/opt/ros/jazzy/opt/gz_rendering_vendor:/opt/ros/jazzy/opt/gz_plugin_vendor:/opt/ros/jazzy/opt/gz_fuel_tools_vendor:/opt/ros/jazzy/opt/gz_msgs_vendor:/opt/ros/jazzy/opt/gz_common_vendor:/opt/ros/jazzy/opt/gz_math_vendor:/opt/ros/jazzy/opt/gz_utils_vendor:/opt/ros/jazzy/opt/gz_tools_vendor:/opt/ros/jazzy/opt/gz_ogre_next_vendor:/opt/ros/jazzy/opt/gz_dartsim_vendor:/opt/ros/jazzy/opt/gz_cmake_vendor DEBUGINFOD_URLS=https://debuginfod.ubuntu.com /usr/bin/cmake --install /home/cat/rtk_verify_ws/build/rtk_localization
[2.598s] Level 1:colcon.colcon_core.environment:checking '/home/cat/rtk_verify_ws/install/rtk_localization' for CMake module files
[2.598s] Level 1:colcon.colcon_core.environment:checking '/home/cat/rtk_verify_ws/install/rtk_localization' for CMake config files
[2.599s] Level 1:colcon.colcon_core.shell:create_environment_hook('rtk_localization', 'cmake_prefix_path')
[2.599s] INFO:colcon.colcon_core.shell:Creating environment hook '/home/cat/rtk_verify_ws/install/rtk_localization/share/rtk_localization/hook/cmake_prefix_path.ps1'
[2.600s] INFO:colcon.colcon_core.shell:Creating environment descriptor '/home/cat/rtk_verify_ws/install/rtk_localization/share/rtk_localization/hook/cmake_prefix_path.dsv'
[2.601s] INFO:colcon.colcon_core.shell:Creating environment hook '/home/cat/rtk_verify_ws/install/rtk_localization/share/rtk_localization/hook/cmake_prefix_path.sh'
[2.602s] Level 1:colcon.colcon_core.environment:checking '/home/cat/rtk_verify_ws/install/rtk_localization/lib'
[2.602s] Level 1:colcon.colcon_core.environment:checking '/home/cat/rtk_verify_ws/install/rtk_localization/bin'
[2.602s] Level 1:colcon.colcon_core.environment:checking '/home/cat/rtk_verify_ws/install/rtk_localization/lib/pkgconfig/rtk_localization.pc'
[2.603s] Level 1:colcon.colcon_core.environment:checking '/home/cat/rtk_verify_ws/install/rtk_localization/lib/python3.12/site-packages'
[2.603s] Level 1:colcon.colcon_core.environment:checking '/home/cat/rtk_verify_ws/install/rtk_localization/bin'
[2.604s] INFO:colcon.colcon_core.shell:Creating package script '/home/cat/rtk_verify_ws/install/rtk_localization/share/rtk_localization/package.ps1'
[2.606s] INFO:colcon.colcon_core.shell:Creating package descriptor '/home/cat/rtk_verify_ws/install/rtk_localization/share/rtk_localization/package.dsv'
[2.607s] INFO:colcon.colcon_core.shell:Creating package script '/home/cat/rtk_verify_ws/install/rtk_localization/share/rtk_localization/package.sh'
[2.608s] INFO:colcon.colcon_core.shell:Creating package script '/home/cat/rtk_verify_ws/install/rtk_localization/share/rtk_localization/package.bash'
[2.609s] INFO:colcon.colcon_core.shell:Creating package script '/home/cat/rtk_verify_ws/install/rtk_localization/share/rtk_localization/package.zsh'
[2.609s] Level 1:colcon.colcon_core.environment:create_file_with_runtime_dependencies(/home/cat/rtk_verify_ws/install/rtk_localization/share/colcon-core/packages/rtk_localization)
[2.611s] Level 1:colcon.colcon_core.environment:create_environment_scripts_only(rtk_localization)
[2.611s] Level 1:colcon.colcon_core.environment:checking '/home/cat/rtk_verify_ws/install/rtk_localization' for CMake module files
[2.612s] Level 1:colcon.colcon_core.environment:checking '/home/cat/rtk_verify_ws/install/rtk_localization' for CMake config files
[2.612s] Level 1:colcon.colcon_core.shell:create_environment_hook('rtk_localization', 'cmake_prefix_path')
[2.612s] INFO:colcon.colcon_core.shell:Creating environment hook '/home/cat/rtk_verify_ws/install/rtk_localization/share/rtk_localization/hook/cmake_prefix_path.ps1'
[2.613s] INFO:colcon.colcon_core.shell:Creating environment descriptor '/home/cat/rtk_verify_ws/install/rtk_localization/share/rtk_localization/hook/cmake_prefix_path.dsv'
[2.613s] INFO:colcon.colcon_core.shell:Creating environment hook '/home/cat/rtk_verify_ws/install/rtk_localization/share/rtk_localization/hook/cmake_prefix_path.sh'
[2.614s] Level 1:colcon.colcon_core.environment:checking '/home/cat/rtk_verify_ws/install/rtk_localization/lib'
[2.614s] Level 1:colcon.colcon_core.environment:checking '/home/cat/rtk_verify_ws/install/rtk_localization/bin'
[2.614s] Level 1:colcon.colcon_core.environment:checking '/home/cat/rtk_verify_ws/install/rtk_localization/lib/pkgconfig/rtk_localization.pc'
[2.615s] Level 1:colcon.colcon_core.environment:checking '/home/cat/rtk_verify_ws/install/rtk_localization/lib/python3.12/site-packages'
[2.615s] Level 1:colcon.colcon_core.environment:checking '/home/cat/rtk_verify_ws/install/rtk_localization/bin'
[2.616s] INFO:colcon.colcon_core.shell:Creating package script '/home/cat/rtk_verify_ws/install/rtk_localization/share/rtk_localization/package.ps1'
[2.617s] INFO:colcon.colcon_core.shell:Creating package descriptor '/home/cat/rtk_verify_ws/install/rtk_localization/share/rtk_localization/package.dsv'
[2.617s] INFO:colcon.colcon_core.shell:Creating package script '/home/cat/rtk_verify_ws/install/rtk_localization/share/rtk_localization/package.sh'
[2.618s] INFO:colcon.colcon_core.shell:Creating package script '/home/cat/rtk_verify_ws/install/rtk_localization/share/rtk_localization/package.bash'
[2.618s] INFO:colcon.colcon_core.shell:Creating package script '/home/cat/rtk_verify_ws/install/rtk_localization/share/rtk_localization/package.zsh'
[2.619s] Level 1:colcon.colcon_core.environment:create_file_with_runtime_dependencies(/home/cat/rtk_verify_ws/install/rtk_localization/share/colcon-core/packages/rtk_localization)
[2.948s] Level 1:colcon.colcon_core.shell:create_environment_hook('nmea_navsat_driver', 'pythonpath_develop')
[2.949s] INFO:colcon.colcon_core.shell:Creating environment hook '/home/cat/rtk_verify_ws/build/nmea_navsat_driver/src/share/nmea_navsat_driver/hook/pythonpath_develop.ps1'
[2.949s] DEBUG:colcon.colcon_core.event_handler.log_command:Invoked command in '/home/cat/rtk_verify_ws/build/nmea_navsat_driver' returned '0': DEBUGINFOD_URLS=https://debuginfod.ubuntu.com PYTHONPATH=/home/cat/rtk_verify_ws/build/nmea_navsat_driver/prefix_override:/usr/lib/python3/dist-packages/colcon_core/task/python/colcon_distutils_commands:/home/cat/rtk_verify_ws/install/nmea_navsat_driver/lib/python3.12/site-packages:${PYTHONPATH} /usr/bin/python3 -W ignore:setup.py install is deprecated -W ignore:easy_install command is deprecated setup.py develop --editable --build-directory /home/cat/rtk_verify_ws/build/nmea_navsat_driver/build --no-deps symlink_data
[2.950s] INFO:colcon.colcon_core.shell:Creating environment descriptor '/home/cat/rtk_verify_ws/build/nmea_navsat_driver/src/share/nmea_navsat_driver/hook/pythonpath_develop.dsv'
[2.951s] INFO:colcon.colcon_core.shell:Creating environment hook '/home/cat/rtk_verify_ws/build/nmea_navsat_driver/src/share/nmea_navsat_driver/hook/pythonpath_develop.sh'
[2.951s] Level 1:colcon.colcon_core.environment:checking '/home/cat/rtk_verify_ws/install/nmea_navsat_driver' for CMake module files
[2.952s] Level 1:colcon.colcon_core.environment:checking '/home/cat/rtk_verify_ws/install/nmea_navsat_driver' for CMake config files
[2.953s] Level 1:colcon.colcon_core.environment:checking '/home/cat/rtk_verify_ws/install/nmea_navsat_driver/lib'
[2.953s] Level 1:colcon.colcon_core.environment:checking '/home/cat/rtk_verify_ws/install/nmea_navsat_driver/bin'
[2.953s] Level 1:colcon.colcon_core.environment:checking '/home/cat/rtk_verify_ws/install/nmea_navsat_driver/lib/pkgconfig/nmea_navsat_driver.pc'
[2.954s] Level 1:colcon.colcon_core.environment:checking '/home/cat/rtk_verify_ws/install/nmea_navsat_driver/lib/python3.12/site-packages'
[2.954s] Level 1:colcon.colcon_core.shell:create_environment_hook('nmea_navsat_driver', 'pythonpath')
[2.954s] INFO:colcon.colcon_core.shell:Creating environment hook '/home/cat/rtk_verify_ws/install/nmea_navsat_driver/share/nmea_navsat_driver/hook/pythonpath.ps1'
[2.955s] INFO:colcon.colcon_core.shell:Creating environment descriptor '/home/cat/rtk_verify_ws/install/nmea_navsat_driver/share/nmea_navsat_driver/hook/pythonpath.dsv'
[2.956s] INFO:colcon.colcon_core.shell:Creating environment hook '/home/cat/rtk_verify_ws/install/nmea_navsat_driver/share/nmea_navsat_driver/hook/pythonpath.sh'
[2.957s] Level 1:colcon.colcon_core.environment:checking '/home/cat/rtk_verify_ws/install/nmea_navsat_driver/bin'
[2.957s] Level 1:colcon.colcon_core.environment:create_environment_scripts_only(nmea_navsat_driver)
[2.957s] INFO:colcon.colcon_core.shell:Creating package script '/home/cat/rtk_verify_ws/install/nmea_navsat_driver/share/nmea_navsat_driver/package.ps1'
[2.958s] INFO:colcon.colcon_core.shell:Creating package descriptor '/home/cat/rtk_verify_ws/install/nmea_navsat_driver/share/nmea_navsat_driver/package.dsv'
[2.959s] INFO:colcon.colcon_core.shell:Creating package script '/home/cat/rtk_verify_ws/install/nmea_navsat_driver/share/nmea_navsat_driver/package.sh'
[2.959s] INFO:colcon.colcon_core.shell:Creating package script '/home/cat/rtk_verify_ws/install/nmea_navsat_driver/share/nmea_navsat_driver/package.bash'
[2.960s] INFO:colcon.colcon_core.shell:Creating package script '/home/cat/rtk_verify_ws/install/nmea_navsat_driver/share/nmea_navsat_driver/package.zsh'
[2.960s] Level 1:colcon.colcon_core.environment:create_file_with_runtime_dependencies(/home/cat/rtk_verify_ws/install/nmea_navsat_driver/share/colcon-core/packages/nmea_navsat_driver)
[2.960s] DEBUG:colcon.colcon_parallel_executor.executor.parallel:closing loop
[2.961s] DEBUG:colcon.colcon_parallel_executor.executor.parallel:loop closed
[2.961s] DEBUG:colcon.colcon_parallel_executor.executor.parallel:run_until_complete finished with '0'
[2.961s] DEBUG:colcon.colcon_core.event_reactor:joining thread
[2.970s] INFO:colcon.colcon_core.plugin_system:Skipping extension 'colcon_notification.desktop_notification.terminal_notifier': Not used on non-Darwin systems
[2.970s] INFO:colcon.colcon_core.plugin_system:Skipping extension 'colcon_notification.desktop_notification.win32': Not used on non-Windows systems
[2.970s] INFO:colcon.colcon_notification.desktop_notification:Sending desktop notification using 'notify2'
[3.008s] DEBUG:colcon.colcon_core.event_reactor:joined thread
[3.010s] INFO:colcon.colcon_core.shell:Creating prefix script '/home/cat/rtk_verify_ws/install/local_setup.ps1'
[3.016s] INFO:colcon.colcon_core.shell:Creating prefix util module '/home/cat/rtk_verify_ws/install/_local_setup_util_ps1.py'
[3.023s] INFO:colcon.colcon_core.shell:Creating prefix chain script '/home/cat/rtk_verify_ws/install/setup.ps1'
[3.033s] INFO:colcon.colcon_core.shell:Creating prefix script '/home/cat/rtk_verify_ws/install/local_setup.sh'
[3.036s] INFO:colcon.colcon_core.shell:Creating prefix util module '/home/cat/rtk_verify_ws/install/_local_setup_util_sh.py'
[3.038s] INFO:colcon.colcon_core.shell:Creating prefix chain script '/home/cat/rtk_verify_ws/install/setup.sh'
[3.046s] INFO:colcon.colcon_core.shell:Creating prefix script '/home/cat/rtk_verify_ws/install/local_setup.bash'
[3.047s] INFO:colcon.colcon_core.shell:Creating prefix chain script '/home/cat/rtk_verify_ws/install/setup.bash'
[3.050s] INFO:colcon.colcon_core.shell:Creating prefix script '/home/cat/rtk_verify_ws/install/local_setup.zsh'
[3.051s] INFO:colcon.colcon_core.shell:Creating prefix chain script '/home/cat/rtk_verify_ws/install/setup.zsh'
