[1.443s] Invoking command in '/home/cat/rtk_verify_ws/build/nmea_navsat_driver': DEBUGINFOD_URLS=https://debuginfod.ubuntu.com PYTHONPATH=/home/cat/rtk_verify_ws/build/nmea_navsat_driver/prefix_override:/usr/lib/python3/dist-packages/colcon_core/task/python/colcon_distutils_commands:/home/cat/rtk_verify_ws/install/nmea_navsat_driver/lib/python3.12/site-packages:${PYTHONPATH} /usr/bin/python3 -W ignore:setup.py install is deprecated -W ignore:easy_install command is deprecated setup.py develop --editable --build-directory /home/cat/rtk_verify_ws/build/nmea_navsat_driver/build --no-deps symlink_data
[1.986s] running develop
[2.305s] running egg_info
[2.334s] writing src/nmea_navsat_driver.egg-info/PKG-INFO
[2.334s] writing dependency_links to src/nmea_navsat_driver.egg-info/dependency_links.txt
[2.334s] writing entry points to src/nmea_navsat_driver.egg-info/entry_points.txt
[2.334s] writing requirements to src/nmea_navsat_driver.egg-info/requires.txt
[2.335s] writing top-level names to src/nmea_navsat_driver.egg-info/top_level.txt
[2.394s] reading manifest file 'src/nmea_navsat_driver.egg-info/SOURCES.txt'
[2.395s] writing manifest file 'src/nmea_navsat_driver.egg-info/SOURCES.txt'
[2.427s] running build_ext
[2.427s] Creating /home/cat/rtk_verify_ws/install/nmea_navsat_driver/lib/python3.12/site-packages/nmea-navsat-driver.egg-link (link to src)
[2.428s] Installing nmea_serial_driver script to /home/cat/rtk_verify_ws/install/nmea_navsat_driver/lib/nmea_navsat_driver
[2.428s] Installing nmea_socket_driver script to /home/cat/rtk_verify_ws/install/nmea_navsat_driver/lib/nmea_navsat_driver
[2.429s] Installing nmea_tcpclient_driver script to /home/cat/rtk_verify_ws/install/nmea_navsat_driver/lib/nmea_navsat_driver
[2.429s] Installing nmea_topic_driver script to /home/cat/rtk_verify_ws/install/nmea_navsat_driver/lib/nmea_navsat_driver
[2.429s] Installing nmea_topic_serial_reader script to /home/cat/rtk_verify_ws/install/nmea_navsat_driver/lib/nmea_navsat_driver
[2.429s] 
[2.429s] Installed /home/cat/rtk_verify_ws/build/nmea_navsat_driver/src
[2.430s] running symlink_data
[2.529s] Invoked command in '/home/cat/rtk_verify_ws/build/nmea_navsat_driver' returned '0': DEBUGINFOD_URLS=https://debuginfod.ubuntu.com PYTHONPATH=/home/cat/rtk_verify_ws/build/nmea_navsat_driver/prefix_override:/usr/lib/python3/dist-packages/colcon_core/task/python/colcon_distutils_commands:/home/cat/rtk_verify_ws/install/nmea_navsat_driver/lib/python3.12/site-packages:${PYTHONPATH} /usr/bin/python3 -W ignore:setup.py install is deprecated -W ignore:easy_install command is deprecated setup.py develop --editable --build-directory /home/cat/rtk_verify_ws/build/nmea_navsat_driver/build --no-deps symlink_data
