[0.246s] DEBUG:colcon:Command line arguments: ['/usr/bin/colcon', 'build', '--symlink-install', '--cmake-args', '-DCMAKE_BUILD_TYPE=Release']
[0.246s] DEBUG:colcon:Parsed command line arguments: Namespace(log_base=None, log_level=None, verb_name='build', build_base='build', install_base='install', merge_install=False, symlink_install=True, test_result_base=None, continue_on_error=False, executor='parallel', parallel_workers=8, event_handlers=None, ignore_user_meta=False, metas=['./colcon.meta'], base_paths=['.'], packages_ignore=None, packages_ignore_regex=None, paths=None, packages_up_to=None, packages_up_to_regex=None, packages_above=None, packages_above_and_dependencies=None, packages_above_depth=None, packages_select_by_dep=None, packages_skip_by_dep=None, packages_skip_up_to=None, packages_select_build_failed=False, packages_skip_build_finished=False, packages_select_test_failures=False, packages_skip_test_passed=False, packages_select=None, packages_skip=None, packages_select_regex=None, packages_skip_regex=None, packages_start=None, packages_end=None, allow_overriding=[], cmake_args=['-DCMAKE_BUILD_TYPE=Release'], cmake_target=None, cmake_target_skip_unavailable=False, cmake_clean_cache=False, cmake_clean_first=False, cmake_force_configure=False, ament_cmake_args=None, catkin_cmake_args=None, catkin_skip_building_tests=False, verb_parser=<colcon_defaults.argument_parser.defaults.DefaultArgumentsDecorator object at 0xffff9210e1b0>, verb_extension=<colcon_core.verb.build.BuildVerb object at 0xffff92302a50>, main=<bound method BuildVerb.main of <colcon_core.verb.build.BuildVerb object at 0xffff92302a50>>)
[0.322s] Level 1:colcon.colcon_core.package_discovery:discover_packages(colcon_meta) check parameters
[0.322s] Level 1:colcon.colcon_core.package_discovery:discover_packages(recursive) check parameters
[0.322s] Level 1:colcon.colcon_core.package_discovery:discover_packages(ignore) check parameters
[0.322s] Level 1:colcon.colcon_core.package_discovery:discover_packages(path) check parameters
[0.323s] Level 1:colcon.colcon_core.package_discovery:discover_packages(colcon_meta) discover
[0.323s] Level 1:colcon.colcon_core.package_discovery:discover_packages(recursive) discover
[0.323s] INFO:colcon.colcon_core.package_discovery:Crawling recursively for packages in '/home/cat/rtk_verify_ws'
[0.323s] Level 1:colcon.colcon_core.package_identification:_identify(.) by extensions ['ignore', 'ignore_ament_install']
[0.323s] Level 1:colcon.colcon_core.package_identification:_identify(.) by extension 'ignore'
[0.323s] Level 1:colcon.colcon_core.package_identification:_identify(.) by extension 'ignore_ament_install'
[0.323s] Level 1:colcon.colcon_core.package_identification:_identify(.) by extensions ['colcon_pkg']
[0.324s] Level 1:colcon.colcon_core.package_identification:_identify(.) by extension 'colcon_pkg'
[0.324s] Level 1:colcon.colcon_core.package_identification:_identify(.) by extensions ['colcon_meta']
[0.324s] Level 1:colcon.colcon_core.package_identification:_identify(.) by extension 'colcon_meta'
[0.324s] Level 1:colcon.colcon_core.package_identification:_identify(.) by extensions ['ros']
[0.324s] Level 1:colcon.colcon_core.package_identification:_identify(.) by extension 'ros'
[0.370s] Level 1:colcon.colcon_core.package_identification:_identify(.) by extensions ['cmake', 'python']
[0.370s] Level 1:colcon.colcon_core.package_identification:_identify(.) by extension 'cmake'
[0.370s] Level 1:colcon.colcon_core.package_identification:_identify(.) by extension 'python'
[0.370s] Level 1:colcon.colcon_core.package_identification:_identify(.) by extensions ['python_setup_py']
[0.370s] Level 1:colcon.colcon_core.package_identification:_identify(.) by extension 'python_setup_py'
[0.370s] Level 1:colcon.colcon_core.package_identification:_identify(bags) by extensions ['ignore', 'ignore_ament_install']
[0.371s] Level 1:colcon.colcon_core.package_identification:_identify(bags) by extension 'ignore'
[0.371s] Level 1:colcon.colcon_core.package_identification:_identify(bags) by extension 'ignore_ament_install'
[0.371s] Level 1:colcon.colcon_core.package_identification:_identify(bags) by extensions ['colcon_pkg']
[0.371s] Level 1:colcon.colcon_core.package_identification:_identify(bags) by extension 'colcon_pkg'
[0.371s] Level 1:colcon.colcon_core.package_identification:_identify(bags) by extensions ['colcon_meta']
[0.371s] Level 1:colcon.colcon_core.package_identification:_identify(bags) by extension 'colcon_meta'
[0.371s] Level 1:colcon.colcon_core.package_identification:_identify(bags) by extensions ['ros']
[0.371s] Level 1:colcon.colcon_core.package_identification:_identify(bags) by extension 'ros'
[0.371s] Level 1:colcon.colcon_core.package_identification:_identify(bags) by extensions ['cmake', 'python']
[0.371s] Level 1:colcon.colcon_core.package_identification:_identify(bags) by extension 'cmake'
[0.371s] Level 1:colcon.colcon_core.package_identification:_identify(bags) by extension 'python'
[0.371s] Level 1:colcon.colcon_core.package_identification:_identify(bags) by extensions ['python_setup_py']
[0.371s] Level 1:colcon.colcon_core.package_identification:_identify(bags) by extension 'python_setup_py'
[0.371s] Level 1:colcon.colcon_core.package_identification:_identify(bags/biaoding) by extensions ['ignore', 'ignore_ament_install']
[0.372s] Level 1:colcon.colcon_core.package_identification:_identify(bags/biaoding) by extension 'ignore'
[0.372s] Level 1:colcon.colcon_core.package_identification:_identify(bags/biaoding) by extension 'ignore_ament_install'
[0.372s] Level 1:colcon.colcon_core.package_identification:_identify(bags/biaoding) by extensions ['colcon_pkg']
[0.372s] Level 1:colcon.colcon_core.package_identification:_identify(bags/biaoding) by extension 'colcon_pkg'
[0.372s] Level 1:colcon.colcon_core.package_identification:_identify(bags/biaoding) by extensions ['colcon_meta']
[0.372s] Level 1:colcon.colcon_core.package_identification:_identify(bags/biaoding) by extension 'colcon_meta'
[0.372s] Level 1:colcon.colcon_core.package_identification:_identify(bags/biaoding) by extensions ['ros']
[0.372s] Level 1:colcon.colcon_core.package_identification:_identify(bags/biaoding) by extension 'ros'
[0.372s] Level 1:colcon.colcon_core.package_identification:_identify(bags/biaoding) by extensions ['cmake', 'python']
[0.372s] Level 1:colcon.colcon_core.package_identification:_identify(bags/biaoding) by extension 'cmake'
[0.372s] Level 1:colcon.colcon_core.package_identification:_identify(bags/biaoding) by extension 'python'
[0.372s] Level 1:colcon.colcon_core.package_identification:_identify(bags/biaoding) by extensions ['python_setup_py']
[0.372s] Level 1:colcon.colcon_core.package_identification:_identify(bags/biaoding) by extension 'python_setup_py'
[0.372s] Level 1:colcon.colcon_core.package_identification:_identify(bags/trajectory_comparison) by extensions ['ignore', 'ignore_ament_install']
[0.372s] Level 1:colcon.colcon_core.package_identification:_identify(bags/trajectory_comparison) by extension 'ignore'
[0.372s] Level 1:colcon.colcon_core.package_identification:_identify(bags/trajectory_comparison) by extension 'ignore_ament_install'
[0.373s] Level 1:colcon.colcon_core.package_identification:_identify(bags/trajectory_comparison) by extensions ['colcon_pkg']
[0.373s] Level 1:colcon.colcon_core.package_identification:_identify(bags/trajectory_comparison) by extension 'colcon_pkg'
[0.373s] Level 1:colcon.colcon_core.package_identification:_identify(bags/trajectory_comparison) by extensions ['colcon_meta']
[0.373s] Level 1:colcon.colcon_core.package_identification:_identify(bags/trajectory_comparison) by extension 'colcon_meta'
[0.373s] Level 1:colcon.colcon_core.package_identification:_identify(bags/trajectory_comparison) by extensions ['ros']
[0.373s] Level 1:colcon.colcon_core.package_identification:_identify(bags/trajectory_comparison) by extension 'ros'
[0.373s] Level 1:colcon.colcon_core.package_identification:_identify(bags/trajectory_comparison) by extensions ['cmake', 'python']
[0.373s] Level 1:colcon.colcon_core.package_identification:_identify(bags/trajectory_comparison) by extension 'cmake'
[0.373s] Level 1:colcon.colcon_core.package_identification:_identify(bags/trajectory_comparison) by extension 'python'
[0.373s] Level 1:colcon.colcon_core.package_identification:_identify(bags/trajectory_comparison) by extensions ['python_setup_py']
[0.373s] Level 1:colcon.colcon_core.package_identification:_identify(bags/trajectory_comparison) by extension 'python_setup_py'
[0.373s] Level 1:colcon.colcon_core.package_identification:_identify(bags/trajectory_comparison1) by extensions ['ignore', 'ignore_ament_install']
[0.373s] Level 1:colcon.colcon_core.package_identification:_identify(bags/trajectory_comparison1) by extension 'ignore'
[0.373s] Level 1:colcon.colcon_core.package_identification:_identify(bags/trajectory_comparison1) by extension 'ignore_ament_install'
[0.373s] Level 1:colcon.colcon_core.package_identification:_identify(bags/trajectory_comparison1) by extensions ['colcon_pkg']
[0.373s] Level 1:colcon.colcon_core.package_identification:_identify(bags/trajectory_comparison1) by extension 'colcon_pkg'
[0.373s] Level 1:colcon.colcon_core.package_identification:_identify(bags/trajectory_comparison1) by extensions ['colcon_meta']
[0.374s] Level 1:colcon.colcon_core.package_identification:_identify(bags/trajectory_comparison1) by extension 'colcon_meta'
[0.374s] Level 1:colcon.colcon_core.package_identification:_identify(bags/trajectory_comparison1) by extensions ['ros']
[0.374s] Level 1:colcon.colcon_core.package_identification:_identify(bags/trajectory_comparison1) by extension 'ros'
[0.374s] Level 1:colcon.colcon_core.package_identification:_identify(bags/trajectory_comparison1) by extensions ['cmake', 'python']
[0.374s] Level 1:colcon.colcon_core.package_identification:_identify(bags/trajectory_comparison1) by extension 'cmake'
[0.374s] Level 1:colcon.colcon_core.package_identification:_identify(bags/trajectory_comparison1) by extension 'python'
[0.374s] Level 1:colcon.colcon_core.package_identification:_identify(bags/trajectory_comparison1) by extensions ['python_setup_py']
[0.374s] Level 1:colcon.colcon_core.package_identification:_identify(bags/trajectory_comparison1) by extension 'python_setup_py'
[0.374s] Level 1:colcon.colcon_core.package_identification:_identify(bags/trajectory_comparison2) by extensions ['ignore', 'ignore_ament_install']
[0.374s] Level 1:colcon.colcon_core.package_identification:_identify(bags/trajectory_comparison2) by extension 'ignore'
[0.374s] Level 1:colcon.colcon_core.package_identification:_identify(bags/trajectory_comparison2) by extension 'ignore_ament_install'
[0.374s] Level 1:colcon.colcon_core.package_identification:_identify(bags/trajectory_comparison2) by extensions ['colcon_pkg']
[0.374s] Level 1:colcon.colcon_core.package_identification:_identify(bags/trajectory_comparison2) by extension 'colcon_pkg'
[0.374s] Level 1:colcon.colcon_core.package_identification:_identify(bags/trajectory_comparison2) by extensions ['colcon_meta']
[0.374s] Level 1:colcon.colcon_core.package_identification:_identify(bags/trajectory_comparison2) by extension 'colcon_meta'
[0.374s] Level 1:colcon.colcon_core.package_identification:_identify(bags/trajectory_comparison2) by extensions ['ros']
[0.374s] Level 1:colcon.colcon_core.package_identification:_identify(bags/trajectory_comparison2) by extension 'ros'
[0.375s] Level 1:colcon.colcon_core.package_identification:_identify(bags/trajectory_comparison2) by extensions ['cmake', 'python']
[0.375s] Level 1:colcon.colcon_core.package_identification:_identify(bags/trajectory_comparison2) by extension 'cmake'
[0.375s] Level 1:colcon.colcon_core.package_identification:_identify(bags/trajectory_comparison2) by extension 'python'
[0.375s] Level 1:colcon.colcon_core.package_identification:_identify(bags/trajectory_comparison2) by extensions ['python_setup_py']
[0.375s] Level 1:colcon.colcon_core.package_identification:_identify(bags/trajectory_comparison2) by extension 'python_setup_py'
[0.375s] Level 1:colcon.colcon_core.package_identification:_identify(bags/trajectory_comparison521) by extensions ['ignore', 'ignore_ament_install']
[0.375s] Level 1:colcon.colcon_core.package_identification:_identify(bags/trajectory_comparison521) by extension 'ignore'
[0.375s] Level 1:colcon.colcon_core.package_identification:_identify(bags/trajectory_comparison521) by extension 'ignore_ament_install'
[0.375s] Level 1:colcon.colcon_core.package_identification:_identify(bags/trajectory_comparison521) by extensions ['colcon_pkg']
[0.375s] Level 1:colcon.colcon_core.package_identification:_identify(bags/trajectory_comparison521) by extension 'colcon_pkg'
[0.375s] Level 1:colcon.colcon_core.package_identification:_identify(bags/trajectory_comparison521) by extensions ['colcon_meta']
[0.375s] Level 1:colcon.colcon_core.package_identification:_identify(bags/trajectory_comparison521) by extension 'colcon_meta'
[0.375s] Level 1:colcon.colcon_core.package_identification:_identify(bags/trajectory_comparison521) by extensions ['ros']
[0.375s] Level 1:colcon.colcon_core.package_identification:_identify(bags/trajectory_comparison521) by extension 'ros'
[0.375s] Level 1:colcon.colcon_core.package_identification:_identify(bags/trajectory_comparison521) by extensions ['cmake', 'python']
[0.375s] Level 1:colcon.colcon_core.package_identification:_identify(bags/trajectory_comparison521) by extension 'cmake'
[0.375s] Level 1:colcon.colcon_core.package_identification:_identify(bags/trajectory_comparison521) by extension 'python'
[0.376s] Level 1:colcon.colcon_core.package_identification:_identify(bags/trajectory_comparison521) by extensions ['python_setup_py']
[0.376s] Level 1:colcon.colcon_core.package_identification:_identify(bags/trajectory_comparison521) by extension 'python_setup_py'
[0.376s] Level 1:colcon.colcon_core.package_identification:_identify(bags/trajectory_comparison5212) by extensions ['ignore', 'ignore_ament_install']
[0.376s] Level 1:colcon.colcon_core.package_identification:_identify(bags/trajectory_comparison5212) by extension 'ignore'
[0.376s] Level 1:colcon.colcon_core.package_identification:_identify(bags/trajectory_comparison5212) by extension 'ignore_ament_install'
[0.376s] Level 1:colcon.colcon_core.package_identification:_identify(bags/trajectory_comparison5212) by extensions ['colcon_pkg']
[0.376s] Level 1:colcon.colcon_core.package_identification:_identify(bags/trajectory_comparison5212) by extension 'colcon_pkg'
[0.376s] Level 1:colcon.colcon_core.package_identification:_identify(bags/trajectory_comparison5212) by extensions ['colcon_meta']
[0.376s] Level 1:colcon.colcon_core.package_identification:_identify(bags/trajectory_comparison5212) by extension 'colcon_meta'
[0.376s] Level 1:colcon.colcon_core.package_identification:_identify(bags/trajectory_comparison5212) by extensions ['ros']
[0.376s] Level 1:colcon.colcon_core.package_identification:_identify(bags/trajectory_comparison5212) by extension 'ros'
[0.376s] Level 1:colcon.colcon_core.package_identification:_identify(bags/trajectory_comparison5212) by extensions ['cmake', 'python']
[0.376s] Level 1:colcon.colcon_core.package_identification:_identify(bags/trajectory_comparison5212) by extension 'cmake'
[0.376s] Level 1:colcon.colcon_core.package_identification:_identify(bags/trajectory_comparison5212) by extension 'python'
[0.377s] Level 1:colcon.colcon_core.package_identification:_identify(bags/trajectory_comparison5212) by extensions ['python_setup_py']
[0.377s] Level 1:colcon.colcon_core.package_identification:_identify(bags/trajectory_comparison5212) by extension 'python_setup_py'
[0.377s] Level 1:colcon.colcon_core.package_identification:_identify(build) by extensions ['ignore', 'ignore_ament_install']
[0.377s] Level 1:colcon.colcon_core.package_identification:_identify(build) by extension 'ignore'
[0.377s] Level 1:colcon.colcon_core.package_identification:_identify(build) ignored
[0.377s] Level 1:colcon.colcon_core.package_identification:_identify(install) by extensions ['ignore', 'ignore_ament_install']
[0.377s] Level 1:colcon.colcon_core.package_identification:_identify(install) by extension 'ignore'
[0.377s] Level 1:colcon.colcon_core.package_identification:_identify(install) ignored
[0.377s] Level 1:colcon.colcon_core.package_identification:_identify(log) by extensions ['ignore', 'ignore_ament_install']
[0.377s] Level 1:colcon.colcon_core.package_identification:_identify(log) by extension 'ignore'
[0.378s] Level 1:colcon.colcon_core.package_identification:_identify(log) ignored
[0.378s] Level 1:colcon.colcon_core.package_identification:_identify(maps) by extensions ['ignore', 'ignore_ament_install']
[0.378s] Level 1:colcon.colcon_core.package_identification:_identify(maps) by extension 'ignore'
[0.378s] Level 1:colcon.colcon_core.package_identification:_identify(maps) by extension 'ignore_ament_install'
[0.378s] Level 1:colcon.colcon_core.package_identification:_identify(maps) by extensions ['colcon_pkg']
[0.378s] Level 1:colcon.colcon_core.package_identification:_identify(maps) by extension 'colcon_pkg'
[0.378s] Level 1:colcon.colcon_core.package_identification:_identify(maps) by extensions ['colcon_meta']
[0.378s] Level 1:colcon.colcon_core.package_identification:_identify(maps) by extension 'colcon_meta'
[0.378s] Level 1:colcon.colcon_core.package_identification:_identify(maps) by extensions ['ros']
[0.378s] Level 1:colcon.colcon_core.package_identification:_identify(maps) by extension 'ros'
[0.378s] Level 1:colcon.colcon_core.package_identification:_identify(maps) by extensions ['cmake', 'python']
[0.378s] Level 1:colcon.colcon_core.package_identification:_identify(maps) by extension 'cmake'
[0.378s] Level 1:colcon.colcon_core.package_identification:_identify(maps) by extension 'python'
[0.378s] Level 1:colcon.colcon_core.package_identification:_identify(maps) by extensions ['python_setup_py']
[0.378s] Level 1:colcon.colcon_core.package_identification:_identify(maps) by extension 'python_setup_py'
[0.378s] Level 1:colcon.colcon_core.package_identification:_identify(src) by extensions ['ignore', 'ignore_ament_install']
[0.379s] Level 1:colcon.colcon_core.package_identification:_identify(src) by extension 'ignore'
[0.379s] Level 1:colcon.colcon_core.package_identification:_identify(src) by extension 'ignore_ament_install'
[0.379s] Level 1:colcon.colcon_core.package_identification:_identify(src) by extensions ['colcon_pkg']
[0.379s] Level 1:colcon.colcon_core.package_identification:_identify(src) by extension 'colcon_pkg'
[0.379s] Level 1:colcon.colcon_core.package_identification:_identify(src) by extensions ['colcon_meta']
[0.379s] Level 1:colcon.colcon_core.package_identification:_identify(src) by extension 'colcon_meta'
[0.379s] Level 1:colcon.colcon_core.package_identification:_identify(src) by extensions ['ros']
[0.379s] Level 1:colcon.colcon_core.package_identification:_identify(src) by extension 'ros'
[0.379s] Level 1:colcon.colcon_core.package_identification:_identify(src) by extensions ['cmake', 'python']
[0.379s] Level 1:colcon.colcon_core.package_identification:_identify(src) by extension 'cmake'
[0.379s] Level 1:colcon.colcon_core.package_identification:_identify(src) by extension 'python'
[0.379s] Level 1:colcon.colcon_core.package_identification:_identify(src) by extensions ['python_setup_py']
[0.379s] Level 1:colcon.colcon_core.package_identification:_identify(src) by extension 'python_setup_py'
[0.379s] Level 1:colcon.colcon_core.package_identification:_identify(src/rtk_localization) by extensions ['ignore', 'ignore_ament_install']
[0.379s] Level 1:colcon.colcon_core.package_identification:_identify(src/rtk_localization) by extension 'ignore'
[0.379s] Level 1:colcon.colcon_core.package_identification:_identify(src/rtk_localization) by extension 'ignore_ament_install'
[0.379s] Level 1:colcon.colcon_core.package_identification:_identify(src/rtk_localization) by extensions ['colcon_pkg']
[0.379s] Level 1:colcon.colcon_core.package_identification:_identify(src/rtk_localization) by extension 'colcon_pkg'
[0.380s] Level 1:colcon.colcon_core.package_identification:_identify(src/rtk_localization) by extensions ['colcon_meta']
[0.380s] Level 1:colcon.colcon_core.package_identification:_identify(src/rtk_localization) by extension 'colcon_meta'
[0.380s] Level 1:colcon.colcon_core.package_identification:_identify(src/rtk_localization) by extensions ['ros']
[0.380s] Level 1:colcon.colcon_core.package_identification:_identify(src/rtk_localization) by extension 'ros'
[0.384s] DEBUG:colcon.colcon_core.package_identification:Package 'src/rtk_localization' with type 'ros.ament_cmake' and name 'rtk_localization'
[0.384s] Level 1:colcon.colcon_core.package_identification:_identify(src/um982_driver_ros2_jazzy) by extensions ['ignore', 'ignore_ament_install']
[0.384s] Level 1:colcon.colcon_core.package_identification:_identify(src/um982_driver_ros2_jazzy) by extension 'ignore'
[0.384s] Level 1:colcon.colcon_core.package_identification:_identify(src/um982_driver_ros2_jazzy) by extension 'ignore_ament_install'
[0.385s] Level 1:colcon.colcon_core.package_identification:_identify(src/um982_driver_ros2_jazzy) by extensions ['colcon_pkg']
[0.385s] Level 1:colcon.colcon_core.package_identification:_identify(src/um982_driver_ros2_jazzy) by extension 'colcon_pkg'
[0.385s] Level 1:colcon.colcon_core.package_identification:_identify(src/um982_driver_ros2_jazzy) by extensions ['colcon_meta']
[0.385s] Level 1:colcon.colcon_core.package_identification:_identify(src/um982_driver_ros2_jazzy) by extension 'colcon_meta'
[0.385s] Level 1:colcon.colcon_core.package_identification:_identify(src/um982_driver_ros2_jazzy) by extensions ['ros']
[0.385s] Level 1:colcon.colcon_core.package_identification:_identify(src/um982_driver_ros2_jazzy) by extension 'ros'
[0.386s] DEBUG:colcon.colcon_core.package_identification:Package 'src/um982_driver_ros2_jazzy' with type 'ros.ament_python' and name 'nmea_navsat_driver'
[0.386s] Level 1:colcon.colcon_core.package_discovery:discover_packages(recursive) using defaults
[0.386s] Level 1:colcon.colcon_core.package_discovery:discover_packages(ignore) discover
[0.386s] Level 1:colcon.colcon_core.package_discovery:discover_packages(ignore) using defaults
[0.386s] Level 1:colcon.colcon_core.package_discovery:discover_packages(path) discover
[0.386s] Level 1:colcon.colcon_core.package_discovery:discover_packages(path) using defaults
[0.425s] Level 1:colcon.colcon_core.package_discovery:discover_packages(prefix_path) check parameters
[0.425s] Level 1:colcon.colcon_core.package_discovery:discover_packages(prefix_path) discover
[0.436s] DEBUG:colcon.colcon_installed_package_information.package_discovery:Found 2 installed packages in /home/cat/rtk_verify_ws/install
[0.438s] DEBUG:colcon.colcon_installed_package_information.package_discovery:Found 20 installed packages in /home/cat/ranger_ws/install
[0.439s] DEBUG:colcon.colcon_installed_package_information.package_discovery:Found 1 installed packages in /home/cat/rtk_ws/install
[0.442s] DEBUG:colcon.colcon_installed_package_information.package_discovery:Found 414 installed packages in /opt/ros/jazzy
[0.446s] Level 1:colcon.colcon_core.package_discovery:discover_packages(prefix_path) using defaults
[0.597s] Level 5:colcon.colcon_core.verb:set package 'nmea_navsat_driver' build argument 'cmake_args' from command line to '['-DCMAKE_BUILD_TYPE=Release']'
[0.597s] Level 5:colcon.colcon_core.verb:set package 'nmea_navsat_driver' build argument 'cmake_target' from command line to 'None'
[0.597s] Level 5:colcon.colcon_core.verb:set package 'nmea_navsat_driver' build argument 'cmake_target_skip_unavailable' from command line to 'False'
[0.597s] Level 5:colcon.colcon_core.verb:set package 'nmea_navsat_driver' build argument 'cmake_clean_cache' from command line to 'False'
[0.597s] Level 5:colcon.colcon_core.verb:set package 'nmea_navsat_driver' build argument 'cmake_clean_first' from command line to 'False'
[0.597s] Level 5:colcon.colcon_core.verb:set package 'nmea_navsat_driver' build argument 'cmake_force_configure' from command line to 'False'
[0.597s] Level 5:colcon.colcon_core.verb:set package 'nmea_navsat_driver' build argument 'ament_cmake_args' from command line to 'None'
[0.597s] Level 5:colcon.colcon_core.verb:set package 'nmea_navsat_driver' build argument 'catkin_cmake_args' from command line to 'None'
[0.597s] Level 5:colcon.colcon_core.verb:set package 'nmea_navsat_driver' build argument 'catkin_skip_building_tests' from command line to 'False'
[0.597s] DEBUG:colcon.colcon_core.verb:Building package 'nmea_navsat_driver' with the following arguments: {'ament_cmake_args': None, 'build_base': '/home/cat/rtk_verify_ws/build/nmea_navsat_driver', 'catkin_cmake_args': None, 'catkin_skip_building_tests': False, 'cmake_args': ['-DCMAKE_BUILD_TYPE=Release'], 'cmake_clean_cache': False, 'cmake_clean_first': False, 'cmake_force_configure': False, 'cmake_target': None, 'cmake_target_skip_unavailable': False, 'install_base': '/home/cat/rtk_verify_ws/install/nmea_navsat_driver', 'merge_install': False, 'path': '/home/cat/rtk_verify_ws/src/um982_driver_ros2_jazzy', 'symlink_install': True, 'test_result_base': None}
[0.598s] Level 5:colcon.colcon_core.verb:set package 'rtk_localization' build argument 'cmake_args' from command line to '['-DCMAKE_BUILD_TYPE=Release']'
[0.598s] Level 5:colcon.colcon_core.verb:set package 'rtk_localization' build argument 'cmake_target' from command line to 'None'
[0.598s] Level 5:colcon.colcon_core.verb:set package 'rtk_localization' build argument 'cmake_target_skip_unavailable' from command line to 'False'
[0.598s] Level 5:colcon.colcon_core.verb:set package 'rtk_localization' build argument 'cmake_clean_cache' from command line to 'False'
[0.598s] Level 5:colcon.colcon_core.verb:set package 'rtk_localization' build argument 'cmake_clean_first' from command line to 'False'
[0.598s] Level 5:colcon.colcon_core.verb:set package 'rtk_localization' build argument 'cmake_force_configure' from command line to 'False'
[0.598s] Level 5:colcon.colcon_core.verb:set package 'rtk_localization' build argument 'ament_cmake_args' from command line to 'None'
[0.598s] Level 5:colcon.colcon_core.verb:set package 'rtk_localization' build argument 'catkin_cmake_args' from command line to 'None'
[0.598s] Level 5:colcon.colcon_core.verb:set package 'rtk_localization' build argument 'catkin_skip_building_tests' from command line to 'False'
[0.598s] DEBUG:colcon.colcon_core.verb:Building package 'rtk_localization' with the following arguments: {'ament_cmake_args': None, 'build_base': '/home/cat/rtk_verify_ws/build/rtk_localization', 'catkin_cmake_args': None, 'catkin_skip_building_tests': False, 'cmake_args': ['-DCMAKE_BUILD_TYPE=Release'], 'cmake_clean_cache': False, 'cmake_clean_first': False, 'cmake_force_configure': False, 'cmake_target': None, 'cmake_target_skip_unavailable': False, 'install_base': '/home/cat/rtk_verify_ws/install/rtk_localization', 'merge_install': False, 'path': '/home/cat/rtk_verify_ws/src/rtk_localization', 'symlink_install': True, 'test_result_base': None}
[0.598s] INFO:colcon.colcon_core.executor:Executing jobs using 'parallel' executor
[0.601s] DEBUG:colcon.colcon_parallel_executor.executor.parallel:run_until_complete
[0.602s] INFO:colcon.colcon_ros.task.ament_python.build:Building ROS package in '/home/cat/rtk_verify_ws/src/um982_driver_ros2_jazzy' with build type 'ament_python'
[0.604s] Level 1:colcon.colcon_core.shell:create_environment_hook('nmea_navsat_driver', 'ament_prefix_path')
[0.626s] INFO:colcon.colcon_core.plugin_system:Skipping extension 'colcon_core.shell.bat': Not used on non-Windows systems
[0.626s] INFO:colcon.colcon_core.shell:Creating environment hook '/home/cat/rtk_verify_ws/install/nmea_navsat_driver/share/nmea_navsat_driver/hook/ament_prefix_path.ps1'
[0.628s] INFO:colcon.colcon_core.shell:Creating environment descriptor '/home/cat/rtk_verify_ws/install/nmea_navsat_driver/share/nmea_navsat_driver/hook/ament_prefix_path.dsv'
[0.630s] INFO:colcon.colcon_core.shell:Creating environment hook '/home/cat/rtk_verify_ws/install/nmea_navsat_driver/share/nmea_navsat_driver/hook/ament_prefix_path.sh'
[0.633s] INFO:colcon.colcon_core.shell:Skip shell extension 'powershell' for command environment: Not usable outside of PowerShell
[0.633s] DEBUG:colcon.colcon_core.shell:Skip shell extension 'dsv' for command environment
[0.645s] INFO:colcon.colcon_ros.task.ament_cmake.build:Building ROS package in '/home/cat/rtk_verify_ws/src/rtk_localization' with build type 'ament_cmake'
[0.645s] INFO:colcon.colcon_cmake.task.cmake.build:Building CMake package in '/home/cat/rtk_verify_ws/src/rtk_localization'
[0.646s] INFO:colcon.colcon_core.shell:Skip shell extension 'powershell' for command environment: Not usable outside of PowerShell
[0.646s] DEBUG:colcon.colcon_core.shell:Skip shell extension 'dsv' for command environment
[1.106s] INFO:colcon.colcon_core.task.python.build:Building Python package in '/home/cat/rtk_verify_ws/src/um982_driver_ros2_jazzy'
[1.106s] INFO:colcon.colcon_core.shell:Skip shell extension 'powershell' for command environment: Not usable outside of PowerShell
[1.106s] DEBUG:colcon.colcon_core.shell:Skip shell extension 'dsv' for command environment
[1.126s] DEBUG:colcon.colcon_core.event_handler.log_command:Invoking command in '/home/cat/rtk_verify_ws/build/rtk_localization': CMAKE_PREFIX_PATH=/home/cat/rtk_verify_ws/install/rtk_localization:/home/cat/ranger_ws/install/ranger_base:/home/cat/rtk_verify_ws/install/nmea_navsat_driver:/home/cat/ranger_ws/install/ranger_defense:/home/cat/ranger_ws/install/hw_interrupt:/home/cat/ranger_ws/install/advanced_crop_follower:/home/cat/rtk_ws/install/nmea_navsat_driver:/opt/ros/jazzy:/home/cat/ranger_ws/install/ugv_sdk:/home/cat/ranger_ws/install/ranger_gicp_localization:/home/cat/ranger_ws/install/small_gicp:/home/cat/ranger_ws/install/rslidar_sdk:/home/cat/ranger_ws/install/rslidar_msg:/home/cat/ranger_ws/install/rs_to_velodyne:/home/cat/ranger_ws/install/ranger_navigation:/home/cat/ranger_ws/install/ranger_msgs:/home/cat/ranger_ws/install/ranger_custom_description:/home/cat/ranger_ws/install/ranger_bringup:/home/cat/ranger_ws/install/pcd2pgm:/home/cat/ranger_ws/install/lidar_localization_ros2:/home/cat/ranger_ws/install/ndt_omp_ros2:/home/cat/ranger_ws/install/lio_sam:/home/cat/ranger_ws/install/hipnuc_imu:/home/cat/ranger_ws/install/hipnuc_lib_package:/opt/ros/jazzy/opt/gz_sim_vendor:/opt/ros/jazzy/opt/gz_sensors_vendor:/opt/ros/jazzy/opt/gz_physics_vendor:/opt/ros/jazzy/opt/sdformat_vendor:/opt/ros/jazzy/opt/gz_gui_vendor:/opt/ros/jazzy/opt/gz_transport_vendor:/opt/ros/jazzy/opt/gz_rendering_vendor:/opt/ros/jazzy/opt/gz_plugin_vendor:/opt/ros/jazzy/opt/gz_fuel_tools_vendor:/opt/ros/jazzy/opt/gz_msgs_vendor:/opt/ros/jazzy/opt/gz_common_vendor:/opt/ros/jazzy/opt/gz_math_vendor:/opt/ros/jazzy/opt/gz_utils_vendor:/opt/ros/jazzy/opt/gz_tools_vendor:/opt/ros/jazzy/opt/gz_ogre_next_vendor:/opt/ros/jazzy/opt/gz_dartsim_vendor:/opt/ros/jazzy/opt/gz_cmake_vendor DEBUGINFOD_URLS=https://debuginfod.ubuntu.com /usr/bin/cmake --build /home/cat/rtk_verify_ws/build/rtk_localization -- -j8 -l8
[1.328s] DEBUG:colcon.colcon_core.event_handler.log_command:Invoked command in '/home/cat/rtk_verify_ws/build/rtk_localization' returned '0': CMAKE_PREFIX_PATH=/home/cat/rtk_verify_ws/install/rtk_localization:/home/cat/ranger_ws/install/ranger_base:/home/cat/rtk_verify_ws/install/nmea_navsat_driver:/home/cat/ranger_ws/install/ranger_defense:/home/cat/ranger_ws/install/hw_interrupt:/home/cat/ranger_ws/install/advanced_crop_follower:/home/cat/rtk_ws/install/nmea_navsat_driver:/opt/ros/jazzy:/home/cat/ranger_ws/install/ugv_sdk:/home/cat/ranger_ws/install/ranger_gicp_localization:/home/cat/ranger_ws/install/small_gicp:/home/cat/ranger_ws/install/rslidar_sdk:/home/cat/ranger_ws/install/rslidar_msg:/home/cat/ranger_ws/install/rs_to_velodyne:/home/cat/ranger_ws/install/ranger_navigation:/home/cat/ranger_ws/install/ranger_msgs:/home/cat/ranger_ws/install/ranger_custom_description:/home/cat/ranger_ws/install/ranger_bringup:/home/cat/ranger_ws/install/pcd2pgm:/home/cat/ranger_ws/install/lidar_localization_ros2:/home/cat/ranger_ws/install/ndt_omp_ros2:/home/cat/ranger_ws/install/lio_sam:/home/cat/ranger_ws/install/hipnuc_imu:/home/cat/ranger_ws/install/hipnuc_lib_package:/opt/ros/jazzy/opt/gz_sim_vendor:/opt/ros/jazzy/opt/gz_sensors_vendor:/opt/ros/jazzy/opt/gz_physics_vendor:/opt/ros/jazzy/opt/sdformat_vendor:/opt/ros/jazzy/opt/gz_gui_vendor:/opt/ros/jazzy/opt/gz_transport_vendor:/opt/ros/jazzy/opt/gz_rendering_vendor:/opt/ros/jazzy/opt/gz_plugin_vendor:/opt/ros/jazzy/opt/gz_fuel_tools_vendor:/opt/ros/jazzy/opt/gz_msgs_vendor:/opt/ros/jazzy/opt/gz_common_vendor:/opt/ros/jazzy/opt/gz_math_vendor:/opt/ros/jazzy/opt/gz_utils_vendor:/opt/ros/jazzy/opt/gz_tools_vendor:/opt/ros/jazzy/opt/gz_ogre_next_vendor:/opt/ros/jazzy/opt/gz_dartsim_vendor:/opt/ros/jazzy/opt/gz_cmake_vendor DEBUGINFOD_URLS=https://debuginfod.ubuntu.com /usr/bin/cmake --build /home/cat/rtk_verify_ws/build/rtk_localization -- -j8 -l8
[1.361s] DEBUG:colcon.colcon_core.event_handler.log_command:Invoking command in '/home/cat/rtk_verify_ws/build/rtk_localization': CMAKE_PREFIX_PATH=/home/cat/rtk_verify_ws/install/rtk_localization:/home/cat/ranger_ws/install/ranger_base:/home/cat/rtk_verify_ws/install/nmea_navsat_driver:/home/cat/ranger_ws/install/ranger_defense:/home/cat/ranger_ws/install/hw_interrupt:/home/cat/ranger_ws/install/advanced_crop_follower:/home/cat/rtk_ws/install/nmea_navsat_driver:/opt/ros/jazzy:/home/cat/ranger_ws/install/ugv_sdk:/home/cat/ranger_ws/install/ranger_gicp_localization:/home/cat/ranger_ws/install/small_gicp:/home/cat/ranger_ws/install/rslidar_sdk:/home/cat/ranger_ws/install/rslidar_msg:/home/cat/ranger_ws/install/rs_to_velodyne:/home/cat/ranger_ws/install/ranger_navigation:/home/cat/ranger_ws/install/ranger_msgs:/home/cat/ranger_ws/install/ranger_custom_description:/home/cat/ranger_ws/install/ranger_bringup:/home/cat/ranger_ws/install/pcd2pgm:/home/cat/ranger_ws/install/lidar_localization_ros2:/home/cat/ranger_ws/install/ndt_omp_ros2:/home/cat/ranger_ws/install/lio_sam:/home/cat/ranger_ws/install/hipnuc_imu:/home/cat/ranger_ws/install/hipnuc_lib_package:/opt/ros/jazzy/opt/gz_sim_vendor:/opt/ros/jazzy/opt/gz_sensors_vendor:/opt/ros/jazzy/opt/gz_physics_vendor:/opt/ros/jazzy/opt/sdformat_vendor:/opt/ros/jazzy/opt/gz_gui_vendor:/opt/ros/jazzy/opt/gz_transport_vendor:/opt/ros/jazzy/opt/gz_rendering_vendor:/opt/ros/jazzy/opt/gz_plugin_vendor:/opt/ros/jazzy/opt/gz_fuel_tools_vendor:/opt/ros/jazzy/opt/gz_msgs_vendor:/opt/ros/jazzy/opt/gz_common_vendor:/opt/ros/jazzy/opt/gz_math_vendor:/opt/ros/jazzy/opt/gz_utils_vendor:/opt/ros/jazzy/opt/gz_tools_vendor:/opt/ros/jazzy/opt/gz_ogre_next_vendor:/opt/ros/jazzy/opt/gz_dartsim_vendor:/opt/ros/jazzy/opt/gz_cmake_vendor DEBUGINFOD_URLS=https://debuginfod.ubuntu.com /usr/bin/cmake --install /home/cat/rtk_verify_ws/build/rtk_localization
[1.452s] Level 1:colcon.colcon_core.environment:create_environment_scripts_only(rtk_localization)
[1.454s] DEBUG:colcon.colcon_core.event_handler.log_command:Invoked command in '/home/cat/rtk_verify_ws/build/rtk_localization' returned '0': CMAKE_PREFIX_PATH=/home/cat/rtk_verify_ws/install/rtk_localization:/home/cat/ranger_ws/install/ranger_base:/home/cat/rtk_verify_ws/install/nmea_navsat_driver:/home/cat/ranger_ws/install/ranger_defense:/home/cat/ranger_ws/install/hw_interrupt:/home/cat/ranger_ws/install/advanced_crop_follower:/home/cat/rtk_ws/install/nmea_navsat_driver:/opt/ros/jazzy:/home/cat/ranger_ws/install/ugv_sdk:/home/cat/ranger_ws/install/ranger_gicp_localization:/home/cat/ranger_ws/install/small_gicp:/home/cat/ranger_ws/install/rslidar_sdk:/home/cat/ranger_ws/install/rslidar_msg:/home/cat/ranger_ws/install/rs_to_velodyne:/home/cat/ranger_ws/install/ranger_navigation:/home/cat/ranger_ws/install/ranger_msgs:/home/cat/ranger_ws/install/ranger_custom_description:/home/cat/ranger_ws/install/ranger_bringup:/home/cat/ranger_ws/install/pcd2pgm:/home/cat/ranger_ws/install/lidar_localization_ros2:/home/cat/ranger_ws/install/ndt_omp_ros2:/home/cat/ranger_ws/install/lio_sam:/home/cat/ranger_ws/install/hipnuc_imu:/home/cat/ranger_ws/install/hipnuc_lib_package:/opt/ros/jazzy/opt/gz_sim_vendor:/opt/ros/jazzy/opt/gz_sensors_vendor:/opt/ros/jazzy/opt/gz_physics_vendor:/opt/ros/jazzy/opt/sdformat_vendor:/opt/ros/jazzy/opt/gz_gui_vendor:/opt/ros/jazzy/opt/gz_transport_vendor:/opt/ros/jazzy/opt/gz_rendering_vendor:/opt/ros/jazzy/opt/gz_plugin_vendor:/opt/ros/jazzy/opt/gz_fuel_tools_vendor:/opt/ros/jazzy/opt/gz_msgs_vendor:/opt/ros/jazzy/opt/gz_common_vendor:/opt/ros/jazzy/opt/gz_math_vendor:/opt/ros/jazzy/opt/gz_utils_vendor:/opt/ros/jazzy/opt/gz_tools_vendor:/opt/ros/jazzy/opt/gz_ogre_next_vendor:/opt/ros/jazzy/opt/gz_dartsim_vendor:/opt/ros/jazzy/opt/gz_cmake_vendor DEBUGINFOD_URLS=https://debuginfod.ubuntu.com /usr/bin/cmake --install /home/cat/rtk_verify_ws/build/rtk_localization
[1.473s] Level 1:colcon.colcon_core.environment:checking '/home/cat/rtk_verify_ws/install/rtk_localization' for CMake module files
[1.474s] Level 1:colcon.colcon_core.environment:checking '/home/cat/rtk_verify_ws/install/rtk_localization' for CMake config files
[1.474s] Level 1:colcon.colcon_core.shell:create_environment_hook('rtk_localization', 'cmake_prefix_path')
[1.474s] INFO:colcon.colcon_core.shell:Creating environment hook '/home/cat/rtk_verify_ws/install/rtk_localization/share/rtk_localization/hook/cmake_prefix_path.ps1'
[1.475s] INFO:colcon.colcon_core.shell:Creating environment descriptor '/home/cat/rtk_verify_ws/install/rtk_localization/share/rtk_localization/hook/cmake_prefix_path.dsv'
[1.476s] INFO:colcon.colcon_core.shell:Creating environment hook '/home/cat/rtk_verify_ws/install/rtk_localization/share/rtk_localization/hook/cmake_prefix_path.sh'
[1.477s] Level 1:colcon.colcon_core.environment:checking '/home/cat/rtk_verify_ws/install/rtk_localization/lib'
[1.477s] Level 1:colcon.colcon_core.environment:checking '/home/cat/rtk_verify_ws/install/rtk_localization/bin'
[1.477s] Level 1:colcon.colcon_core.environment:checking '/home/cat/rtk_verify_ws/install/rtk_localization/lib/pkgconfig/rtk_localization.pc'
[1.478s] Level 1:colcon.colcon_core.environment:checking '/home/cat/rtk_verify_ws/install/rtk_localization/lib/python3.12/site-packages'
[1.478s] Level 1:colcon.colcon_core.environment:checking '/home/cat/rtk_verify_ws/install/rtk_localization/bin'
[1.478s] INFO:colcon.colcon_core.shell:Creating package script '/home/cat/rtk_verify_ws/install/rtk_localization/share/rtk_localization/package.ps1'
[1.482s] INFO:colcon.colcon_core.shell:Creating package descriptor '/home/cat/rtk_verify_ws/install/rtk_localization/share/rtk_localization/package.dsv'
[1.485s] INFO:colcon.colcon_core.shell:Creating package script '/home/cat/rtk_verify_ws/install/rtk_localization/share/rtk_localization/package.sh'
[1.487s] INFO:colcon.colcon_core.shell:Creating package script '/home/cat/rtk_verify_ws/install/rtk_localization/share/rtk_localization/package.bash'
[1.494s] INFO:colcon.colcon_core.shell:Creating package script '/home/cat/rtk_verify_ws/install/rtk_localization/share/rtk_localization/package.zsh'
[1.500s] Level 1:colcon.colcon_core.environment:create_file_with_runtime_dependencies(/home/cat/rtk_verify_ws/install/rtk_localization/share/colcon-core/packages/rtk_localization)
[1.505s] Level 1:colcon.colcon_core.environment:create_environment_scripts_only(rtk_localization)
[1.506s] Level 1:colcon.colcon_core.environment:checking '/home/cat/rtk_verify_ws/install/rtk_localization' for CMake module files
[1.506s] Level 1:colcon.colcon_core.environment:checking '/home/cat/rtk_verify_ws/install/rtk_localization' for CMake config files
[1.507s] Level 1:colcon.colcon_core.shell:create_environment_hook('rtk_localization', 'cmake_prefix_path')
[1.507s] INFO:colcon.colcon_core.shell:Creating environment hook '/home/cat/rtk_verify_ws/install/rtk_localization/share/rtk_localization/hook/cmake_prefix_path.ps1'
[1.508s] INFO:colcon.colcon_core.shell:Creating environment descriptor '/home/cat/rtk_verify_ws/install/rtk_localization/share/rtk_localization/hook/cmake_prefix_path.dsv'
[1.508s] INFO:colcon.colcon_core.shell:Creating environment hook '/home/cat/rtk_verify_ws/install/rtk_localization/share/rtk_localization/hook/cmake_prefix_path.sh'
[1.509s] Level 1:colcon.colcon_core.environment:checking '/home/cat/rtk_verify_ws/install/rtk_localization/lib'
[1.509s] Level 1:colcon.colcon_core.environment:checking '/home/cat/rtk_verify_ws/install/rtk_localization/bin'
[1.509s] Level 1:colcon.colcon_core.environment:checking '/home/cat/rtk_verify_ws/install/rtk_localization/lib/pkgconfig/rtk_localization.pc'
[1.510s] Level 1:colcon.colcon_core.environment:checking '/home/cat/rtk_verify_ws/install/rtk_localization/lib/python3.12/site-packages'
[1.510s] Level 1:colcon.colcon_core.environment:checking '/home/cat/rtk_verify_ws/install/rtk_localization/bin'
[1.511s] INFO:colcon.colcon_core.shell:Creating package script '/home/cat/rtk_verify_ws/install/rtk_localization/share/rtk_localization/package.ps1'
[1.512s] INFO:colcon.colcon_core.shell:Creating package descriptor '/home/cat/rtk_verify_ws/install/rtk_localization/share/rtk_localization/package.dsv'
[1.512s] INFO:colcon.colcon_core.shell:Creating package script '/home/cat/rtk_verify_ws/install/rtk_localization/share/rtk_localization/package.sh'
[1.513s] INFO:colcon.colcon_core.shell:Creating package script '/home/cat/rtk_verify_ws/install/rtk_localization/share/rtk_localization/package.bash'
[1.513s] INFO:colcon.colcon_core.shell:Creating package script '/home/cat/rtk_verify_ws/install/rtk_localization/share/rtk_localization/package.zsh'
[1.514s] Level 1:colcon.colcon_core.environment:create_file_with_runtime_dependencies(/home/cat/rtk_verify_ws/install/rtk_localization/share/colcon-core/packages/rtk_localization)
[2.584s] DEBUG:colcon.colcon_core.event_handler.log_command:Invoking command in '/home/cat/rtk_verify_ws/build/nmea_navsat_driver': DEBUGINFOD_URLS=https://debuginfod.ubuntu.com PYTHONPATH=/home/cat/rtk_verify_ws/build/nmea_navsat_driver/prefix_override:/usr/lib/python3/dist-packages/colcon_core/task/python/colcon_distutils_commands:/home/cat/rtk_verify_ws/install/nmea_navsat_driver/lib/python3.12/site-packages:${PYTHONPATH} /usr/bin/python3 -W ignore:setup.py install is deprecated -W ignore:easy_install command is deprecated setup.py develop --editable --build-directory /home/cat/rtk_verify_ws/build/nmea_navsat_driver/build --no-deps symlink_data
[3.617s] Level 1:colcon.colcon_core.shell:create_environment_hook('nmea_navsat_driver', 'pythonpath_develop')
[3.618s] INFO:colcon.colcon_core.shell:Creating environment hook '/home/cat/rtk_verify_ws/build/nmea_navsat_driver/src/share/nmea_navsat_driver/hook/pythonpath_develop.ps1'
[3.619s] DEBUG:colcon.colcon_core.event_handler.log_command:Invoked command in '/home/cat/rtk_verify_ws/build/nmea_navsat_driver' returned '0': DEBUGINFOD_URLS=https://debuginfod.ubuntu.com PYTHONPATH=/home/cat/rtk_verify_ws/build/nmea_navsat_driver/prefix_override:/usr/lib/python3/dist-packages/colcon_core/task/python/colcon_distutils_commands:/home/cat/rtk_verify_ws/install/nmea_navsat_driver/lib/python3.12/site-packages:${PYTHONPATH} /usr/bin/python3 -W ignore:setup.py install is deprecated -W ignore:easy_install command is deprecated setup.py develop --editable --build-directory /home/cat/rtk_verify_ws/build/nmea_navsat_driver/build --no-deps symlink_data
[3.619s] INFO:colcon.colcon_core.shell:Creating environment descriptor '/home/cat/rtk_verify_ws/build/nmea_navsat_driver/src/share/nmea_navsat_driver/hook/pythonpath_develop.dsv'
[3.620s] INFO:colcon.colcon_core.shell:Creating environment hook '/home/cat/rtk_verify_ws/build/nmea_navsat_driver/src/share/nmea_navsat_driver/hook/pythonpath_develop.sh'
[3.621s] Level 1:colcon.colcon_core.environment:checking '/home/cat/rtk_verify_ws/install/nmea_navsat_driver' for CMake module files
[3.622s] Level 1:colcon.colcon_core.environment:checking '/home/cat/rtk_verify_ws/install/nmea_navsat_driver' for CMake config files
[3.622s] Level 1:colcon.colcon_core.environment:checking '/home/cat/rtk_verify_ws/install/nmea_navsat_driver/lib'
[3.623s] Level 1:colcon.colcon_core.environment:checking '/home/cat/rtk_verify_ws/install/nmea_navsat_driver/bin'
[3.623s] Level 1:colcon.colcon_core.environment:checking '/home/cat/rtk_verify_ws/install/nmea_navsat_driver/lib/pkgconfig/nmea_navsat_driver.pc'
[3.623s] Level 1:colcon.colcon_core.environment:checking '/home/cat/rtk_verify_ws/install/nmea_navsat_driver/lib/python3.12/site-packages'
[3.623s] Level 1:colcon.colcon_core.shell:create_environment_hook('nmea_navsat_driver', 'pythonpath')
[3.623s] INFO:colcon.colcon_core.shell:Creating environment hook '/home/cat/rtk_verify_ws/install/nmea_navsat_driver/share/nmea_navsat_driver/hook/pythonpath.ps1'
[3.624s] INFO:colcon.colcon_core.shell:Creating environment descriptor '/home/cat/rtk_verify_ws/install/nmea_navsat_driver/share/nmea_navsat_driver/hook/pythonpath.dsv'
[3.625s] INFO:colcon.colcon_core.shell:Creating environment hook '/home/cat/rtk_verify_ws/install/nmea_navsat_driver/share/nmea_navsat_driver/hook/pythonpath.sh'
[3.626s] Level 1:colcon.colcon_core.environment:checking '/home/cat/rtk_verify_ws/install/nmea_navsat_driver/bin'
[3.626s] Level 1:colcon.colcon_core.environment:create_environment_scripts_only(nmea_navsat_driver)
[3.626s] INFO:colcon.colcon_core.shell:Creating package script '/home/cat/rtk_verify_ws/install/nmea_navsat_driver/share/nmea_navsat_driver/package.ps1'
[3.627s] INFO:colcon.colcon_core.shell:Creating package descriptor '/home/cat/rtk_verify_ws/install/nmea_navsat_driver/share/nmea_navsat_driver/package.dsv'
[3.628s] INFO:colcon.colcon_core.shell:Creating package script '/home/cat/rtk_verify_ws/install/nmea_navsat_driver/share/nmea_navsat_driver/package.sh'
[3.629s] INFO:colcon.colcon_core.shell:Creating package script '/home/cat/rtk_verify_ws/install/nmea_navsat_driver/share/nmea_navsat_driver/package.bash'
[3.629s] INFO:colcon.colcon_core.shell:Creating package script '/home/cat/rtk_verify_ws/install/nmea_navsat_driver/share/nmea_navsat_driver/package.zsh'
[3.630s] Level 1:colcon.colcon_core.environment:create_file_with_runtime_dependencies(/home/cat/rtk_verify_ws/install/nmea_navsat_driver/share/colcon-core/packages/nmea_navsat_driver)
[3.630s] DEBUG:colcon.colcon_parallel_executor.executor.parallel:closing loop
[3.631s] DEBUG:colcon.colcon_parallel_executor.executor.parallel:loop closed
[3.631s] DEBUG:colcon.colcon_parallel_executor.executor.parallel:run_until_complete finished with '0'
[3.632s] DEBUG:colcon.colcon_core.event_reactor:joining thread
[3.643s] INFO:colcon.colcon_core.plugin_system:Skipping extension 'colcon_notification.desktop_notification.terminal_notifier': Not used on non-Darwin systems
[3.644s] INFO:colcon.colcon_core.plugin_system:Skipping extension 'colcon_notification.desktop_notification.win32': Not used on non-Windows systems
[3.644s] INFO:colcon.colcon_notification.desktop_notification:Sending desktop notification using 'notify2'
[3.700s] DEBUG:colcon.colcon_core.event_reactor:joined thread
[3.701s] INFO:colcon.colcon_core.shell:Creating prefix script '/home/cat/rtk_verify_ws/install/local_setup.ps1'
[3.708s] INFO:colcon.colcon_core.shell:Creating prefix util module '/home/cat/rtk_verify_ws/install/_local_setup_util_ps1.py'
[3.715s] INFO:colcon.colcon_core.shell:Creating prefix chain script '/home/cat/rtk_verify_ws/install/setup.ps1'
[3.726s] INFO:colcon.colcon_core.shell:Creating prefix script '/home/cat/rtk_verify_ws/install/local_setup.sh'
[3.730s] INFO:colcon.colcon_core.shell:Creating prefix util module '/home/cat/rtk_verify_ws/install/_local_setup_util_sh.py'
[3.733s] INFO:colcon.colcon_core.shell:Creating prefix chain script '/home/cat/rtk_verify_ws/install/setup.sh'
[3.744s] INFO:colcon.colcon_core.shell:Creating prefix script '/home/cat/rtk_verify_ws/install/local_setup.bash'
[3.749s] INFO:colcon.colcon_core.shell:Creating prefix chain script '/home/cat/rtk_verify_ws/install/setup.bash'
[3.760s] INFO:colcon.colcon_core.shell:Creating prefix script '/home/cat/rtk_verify_ws/install/local_setup.zsh'
[3.763s] INFO:colcon.colcon_core.shell:Creating prefix chain script '/home/cat/rtk_verify_ws/install/setup.zsh'
