[2.038s] Invoking command in '/home/cat/rtk_verify_ws/build/nmea_navsat_driver': DEBUGINFOD_URLS=https://debuginfod.ubuntu.com PYTHONPATH=/home/cat/rtk_verify_ws/build/nmea_navsat_driver/prefix_override:/usr/lib/python3/dist-packages/colcon_core/task/python/colcon_distutils_commands:/home/cat/rtk_verify_ws/install/nmea_navsat_driver/lib/python3.12/site-packages:${PYTHONPATH} /usr/bin/python3 -W ignore:setup.py install is deprecated -W ignore:easy_install command is deprecated setup.py develop --editable --build-directory /home/cat/rtk_verify_ws/build/nmea_navsat_driver/build --no-deps symlink_data
[2.557s] running develop
[2.884s] running egg_info
[2.913s] writing src/nmea_navsat_driver.egg-info/PKG-INFO
[2.914s] writing dependency_links to src/nmea_navsat_driver.egg-info/dependency_links.txt
[2.915s] writing entry points to src/nmea_navsat_driver.egg-info/entry_points.txt
[2.915s] writing requirements to src/nmea_navsat_driver.egg-info/requires.txt
[2.916s] writing top-level names to src/nmea_navsat_driver.egg-info/top_level.txt
[2.976s] reading manifest file 'src/nmea_navsat_driver.egg-info/SOURCES.txt'
[2.985s] writing manifest file 'src/nmea_navsat_driver.egg-info/SOURCES.txt'
[3.018s] running build_ext
[3.024s] Creating /home/cat/rtk_verify_ws/install/nmea_navsat_driver/lib/python3.12/site-packages/nmea-navsat-driver.egg-link (link to src)
[3.025s] Installing nmea_serial_driver script to /home/cat/rtk_verify_ws/install/nmea_navsat_driver/lib/nmea_navsat_driver
[3.026s] Installing nmea_socket_driver script to /home/cat/rtk_verify_ws/install/nmea_navsat_driver/lib/nmea_navsat_driver
[3.026s] Installing nmea_tcpclient_driver script to /home/cat/rtk_verify_ws/install/nmea_navsat_driver/lib/nmea_navsat_driver
[3.027s] Installing nmea_topic_driver script to /home/cat/rtk_verify_ws/install/nmea_navsat_driver/lib/nmea_navsat_driver
[3.027s] Installing nmea_topic_serial_reader script to /home/cat/rtk_verify_ws/install/nmea_navsat_driver/lib/nmea_navsat_driver
[3.028s] 
[3.028s] Installed /home/cat/rtk_verify_ws/build/nmea_navsat_driver/src
[3.029s] running symlink_data
[3.165s] Invoked command in '/home/cat/rtk_verify_ws/build/nmea_navsat_driver' returned '0': DEBUGINFOD_URLS=https://debuginfod.ubuntu.com PYTHONPATH=/home/cat/rtk_verify_ws/build/nmea_navsat_driver/prefix_override:/usr/lib/python3/dist-packages/colcon_core/task/python/colcon_distutils_commands:/home/cat/rtk_verify_ws/install/nmea_navsat_driver/lib/python3.12/site-packages:${PYTHONPATH} /usr/bin/python3 -W ignore:setup.py install is deprecated -W ignore:easy_install command is deprecated setup.py develop --editable --build-directory /home/cat/rtk_verify_ws/build/nmea_navsat_driver/build --no-deps symlink_data
