[0.554s] DEBUG:colcon:Command line arguments: ['/usr/bin/colcon', 'build', '--symlink-install', '--cmake-args', '-DCMAKE_BUILD_TYPE=Release']
[0.554s] DEBUG:colcon:Parsed command line arguments: Namespace(log_base=None, log_level=None, verb_name='build', build_base='build', install_base='install', merge_install=False, symlink_install=True, test_result_base=None, continue_on_error=False, executor='parallel', parallel_workers=8, event_handlers=None, ignore_user_meta=False, metas=['./colcon.meta'], base_paths=['.'], packages_ignore=None, packages_ignore_regex=None, paths=None, packages_up_to=None, packages_up_to_regex=None, packages_above=None, packages_above_and_dependencies=None, packages_above_depth=None, packages_select_by_dep=None, packages_skip_by_dep=None, packages_skip_up_to=None, packages_select_build_failed=False, packages_skip_build_finished=False, packages_select_test_failures=False, packages_skip_test_passed=False, packages_select=None, packages_skip=None, packages_select_regex=None, packages_skip_regex=None, packages_start=None, packages_end=None, allow_overriding=[], cmake_args=['-DCMAKE_BUILD_TYPE=Release'], cmake_target=None, cmake_target_skip_unavailable=False, cmake_clean_cache=False, cmake_clean_first=False, cmake_force_configure=False, ament_cmake_args=None, catkin_cmake_args=None, catkin_skip_building_tests=False, verb_parser=<colcon_defaults.argument_parser.defaults.DefaultArgumentsDecorator object at 0xffff8d7cddc0>, verb_extension=<colcon_core.verb.build.BuildVerb object at 0xffff8d9c2750>, main=<bound method BuildVerb.main of <colcon_core.verb.build.BuildVerb object at 0xffff8d9c2750>>)
[0.679s] Level 1:colcon.colcon_core.package_discovery:discover_packages(colcon_meta) check parameters
[0.680s] Level 1:colcon.colcon_core.package_discovery:discover_packages(recursive) check parameters
[0.680s] Level 1:colcon.colcon_core.package_discovery:discover_packages(ignore) check parameters
[0.680s] Level 1:colcon.colcon_core.package_discovery:discover_packages(path) check parameters
[0.680s] Level 1:colcon.colcon_core.package_discovery:discover_packages(colcon_meta) discover
[0.680s] Level 1:colcon.colcon_core.package_discovery:discover_packages(recursive) discover
[0.680s] INFO:colcon.colcon_core.package_discovery:Crawling recursively for packages in '/home/cat/rtk_verify_ws'
[0.680s] Level 1:colcon.colcon_core.package_identification:_identify(.) by extensions ['ignore', 'ignore_ament_install']
[0.680s] Level 1:colcon.colcon_core.package_identification:_identify(.) by extension 'ignore'
[0.681s] Level 1:colcon.colcon_core.package_identification:_identify(.) by extension 'ignore_ament_install'
[0.681s] Level 1:colcon.colcon_core.package_identification:_identify(.) by extensions ['colcon_pkg']
[0.681s] Level 1:colcon.colcon_core.package_identification:_identify(.) by extension 'colcon_pkg'
[0.681s] Level 1:colcon.colcon_core.package_identification:_identify(.) by extensions ['colcon_meta']
[0.681s] Level 1:colcon.colcon_core.package_identification:_identify(.) by extension 'colcon_meta'
[0.681s] Level 1:colcon.colcon_core.package_identification:_identify(.) by extensions ['ros']
[0.681s] Level 1:colcon.colcon_core.package_identification:_identify(.) by extension 'ros'
[0.741s] Level 1:colcon.colcon_core.package_identification:_identify(.) by extensions ['cmake', 'python']
[0.741s] Level 1:colcon.colcon_core.package_identification:_identify(.) by extension 'cmake'
[0.741s] Level 1:colcon.colcon_core.package_identification:_identify(.) by extension 'python'
[0.741s] Level 1:colcon.colcon_core.package_identification:_identify(.) by extensions ['python_setup_py']
[0.741s] Level 1:colcon.colcon_core.package_identification:_identify(.) by extension 'python_setup_py'
[0.742s] Level 1:colcon.colcon_core.package_identification:_identify(bags) by extensions ['ignore', 'ignore_ament_install']
[0.742s] Level 1:colcon.colcon_core.package_identification:_identify(bags) by extension 'ignore'
[0.742s] Level 1:colcon.colcon_core.package_identification:_identify(bags) by extension 'ignore_ament_install'
[0.742s] Level 1:colcon.colcon_core.package_identification:_identify(bags) by extensions ['colcon_pkg']
[0.742s] Level 1:colcon.colcon_core.package_identification:_identify(bags) by extension 'colcon_pkg'
[0.742s] Level 1:colcon.colcon_core.package_identification:_identify(bags) by extensions ['colcon_meta']
[0.742s] Level 1:colcon.colcon_core.package_identification:_identify(bags) by extension 'colcon_meta'
[0.742s] Level 1:colcon.colcon_core.package_identification:_identify(bags) by extensions ['ros']
[0.742s] Level 1:colcon.colcon_core.package_identification:_identify(bags) by extension 'ros'
[0.742s] Level 1:colcon.colcon_core.package_identification:_identify(bags) by extensions ['cmake', 'python']
[0.742s] Level 1:colcon.colcon_core.package_identification:_identify(bags) by extension 'cmake'
[0.742s] Level 1:colcon.colcon_core.package_identification:_identify(bags) by extension 'python'
[0.742s] Level 1:colcon.colcon_core.package_identification:_identify(bags) by extensions ['python_setup_py']
[0.742s] Level 1:colcon.colcon_core.package_identification:_identify(bags) by extension 'python_setup_py'
[0.743s] Level 1:colcon.colcon_core.package_identification:_identify(bags/trajectory_comparison) by extensions ['ignore', 'ignore_ament_install']
[0.743s] Level 1:colcon.colcon_core.package_identification:_identify(bags/trajectory_comparison) by extension 'ignore'
[0.743s] Level 1:colcon.colcon_core.package_identification:_identify(bags/trajectory_comparison) by extension 'ignore_ament_install'
[0.743s] Level 1:colcon.colcon_core.package_identification:_identify(bags/trajectory_comparison) by extensions ['colcon_pkg']
[0.743s] Level 1:colcon.colcon_core.package_identification:_identify(bags/trajectory_comparison) by extension 'colcon_pkg'
[0.743s] Level 1:colcon.colcon_core.package_identification:_identify(bags/trajectory_comparison) by extensions ['colcon_meta']
[0.743s] Level 1:colcon.colcon_core.package_identification:_identify(bags/trajectory_comparison) by extension 'colcon_meta'
[0.743s] Level 1:colcon.colcon_core.package_identification:_identify(bags/trajectory_comparison) by extensions ['ros']
[0.743s] Level 1:colcon.colcon_core.package_identification:_identify(bags/trajectory_comparison) by extension 'ros'
[0.743s] Level 1:colcon.colcon_core.package_identification:_identify(bags/trajectory_comparison) by extensions ['cmake', 'python']
[0.743s] Level 1:colcon.colcon_core.package_identification:_identify(bags/trajectory_comparison) by extension 'cmake'
[0.743s] Level 1:colcon.colcon_core.package_identification:_identify(bags/trajectory_comparison) by extension 'python'
[0.743s] Level 1:colcon.colcon_core.package_identification:_identify(bags/trajectory_comparison) by extensions ['python_setup_py']
[0.743s] Level 1:colcon.colcon_core.package_identification:_identify(bags/trajectory_comparison) by extension 'python_setup_py'
[0.744s] Level 1:colcon.colcon_core.package_identification:_identify(bags/trajectory_comparison1) by extensions ['ignore', 'ignore_ament_install']
[0.744s] Level 1:colcon.colcon_core.package_identification:_identify(bags/trajectory_comparison1) by extension 'ignore'
[0.744s] Level 1:colcon.colcon_core.package_identification:_identify(bags/trajectory_comparison1) by extension 'ignore_ament_install'
[0.744s] Level 1:colcon.colcon_core.package_identification:_identify(bags/trajectory_comparison1) by extensions ['colcon_pkg']
[0.744s] Level 1:colcon.colcon_core.package_identification:_identify(bags/trajectory_comparison1) by extension 'colcon_pkg'
[0.744s] Level 1:colcon.colcon_core.package_identification:_identify(bags/trajectory_comparison1) by extensions ['colcon_meta']
[0.744s] Level 1:colcon.colcon_core.package_identification:_identify(bags/trajectory_comparison1) by extension 'colcon_meta'
[0.744s] Level 1:colcon.colcon_core.package_identification:_identify(bags/trajectory_comparison1) by extensions ['ros']
[0.744s] Level 1:colcon.colcon_core.package_identification:_identify(bags/trajectory_comparison1) by extension 'ros'
[0.744s] Level 1:colcon.colcon_core.package_identification:_identify(bags/trajectory_comparison1) by extensions ['cmake', 'python']
[0.744s] Level 1:colcon.colcon_core.package_identification:_identify(bags/trajectory_comparison1) by extension 'cmake'
[0.744s] Level 1:colcon.colcon_core.package_identification:_identify(bags/trajectory_comparison1) by extension 'python'
[0.744s] Level 1:colcon.colcon_core.package_identification:_identify(bags/trajectory_comparison1) by extensions ['python_setup_py']
[0.744s] Level 1:colcon.colcon_core.package_identification:_identify(bags/trajectory_comparison1) by extension 'python_setup_py'
[0.744s] Level 1:colcon.colcon_core.package_identification:_identify(bags/trajectory_comparison2) by extensions ['ignore', 'ignore_ament_install']
[0.744s] Level 1:colcon.colcon_core.package_identification:_identify(bags/trajectory_comparison2) by extension 'ignore'
[0.745s] Level 1:colcon.colcon_core.package_identification:_identify(bags/trajectory_comparison2) by extension 'ignore_ament_install'
[0.745s] Level 1:colcon.colcon_core.package_identification:_identify(bags/trajectory_comparison2) by extensions ['colcon_pkg']
[0.745s] Level 1:colcon.colcon_core.package_identification:_identify(bags/trajectory_comparison2) by extension 'colcon_pkg'
[0.745s] Level 1:colcon.colcon_core.package_identification:_identify(bags/trajectory_comparison2) by extensions ['colcon_meta']
[0.745s] Level 1:colcon.colcon_core.package_identification:_identify(bags/trajectory_comparison2) by extension 'colcon_meta'
[0.745s] Level 1:colcon.colcon_core.package_identification:_identify(bags/trajectory_comparison2) by extensions ['ros']
[0.745s] Level 1:colcon.colcon_core.package_identification:_identify(bags/trajectory_comparison2) by extension 'ros'
[0.745s] Level 1:colcon.colcon_core.package_identification:_identify(bags/trajectory_comparison2) by extensions ['cmake', 'python']
[0.745s] Level 1:colcon.colcon_core.package_identification:_identify(bags/trajectory_comparison2) by extension 'cmake'
[0.745s] Level 1:colcon.colcon_core.package_identification:_identify(bags/trajectory_comparison2) by extension 'python'
[0.745s] Level 1:colcon.colcon_core.package_identification:_identify(bags/trajectory_comparison2) by extensions ['python_setup_py']
[0.745s] Level 1:colcon.colcon_core.package_identification:_identify(bags/trajectory_comparison2) by extension 'python_setup_py'
[0.745s] Level 1:colcon.colcon_core.package_identification:_identify(bags/trajectory_comparison521) by extensions ['ignore', 'ignore_ament_install']
[0.745s] Level 1:colcon.colcon_core.package_identification:_identify(bags/trajectory_comparison521) by extension 'ignore'
[0.745s] Level 1:colcon.colcon_core.package_identification:_identify(bags/trajectory_comparison521) by extension 'ignore_ament_install'
[0.745s] Level 1:colcon.colcon_core.package_identification:_identify(bags/trajectory_comparison521) by extensions ['colcon_pkg']
[0.745s] Level 1:colcon.colcon_core.package_identification:_identify(bags/trajectory_comparison521) by extension 'colcon_pkg'
[0.746s] Level 1:colcon.colcon_core.package_identification:_identify(bags/trajectory_comparison521) by extensions ['colcon_meta']
[0.746s] Level 1:colcon.colcon_core.package_identification:_identify(bags/trajectory_comparison521) by extension 'colcon_meta'
[0.746s] Level 1:colcon.colcon_core.package_identification:_identify(bags/trajectory_comparison521) by extensions ['ros']
[0.746s] Level 1:colcon.colcon_core.package_identification:_identify(bags/trajectory_comparison521) by extension 'ros'
[0.746s] Level 1:colcon.colcon_core.package_identification:_identify(bags/trajectory_comparison521) by extensions ['cmake', 'python']
[0.746s] Level 1:colcon.colcon_core.package_identification:_identify(bags/trajectory_comparison521) by extension 'cmake'
[0.746s] Level 1:colcon.colcon_core.package_identification:_identify(bags/trajectory_comparison521) by extension 'python'
[0.746s] Level 1:colcon.colcon_core.package_identification:_identify(bags/trajectory_comparison521) by extensions ['python_setup_py']
[0.746s] Level 1:colcon.colcon_core.package_identification:_identify(bags/trajectory_comparison521) by extension 'python_setup_py'
[0.746s] Level 1:colcon.colcon_core.package_identification:_identify(bags/trajectory_comparison5212) by extensions ['ignore', 'ignore_ament_install']
[0.746s] Level 1:colcon.colcon_core.package_identification:_identify(bags/trajectory_comparison5212) by extension 'ignore'
[0.746s] Level 1:colcon.colcon_core.package_identification:_identify(bags/trajectory_comparison5212) by extension 'ignore_ament_install'
[0.746s] Level 1:colcon.colcon_core.package_identification:_identify(bags/trajectory_comparison5212) by extensions ['colcon_pkg']
[0.746s] Level 1:colcon.colcon_core.package_identification:_identify(bags/trajectory_comparison5212) by extension 'colcon_pkg'
[0.746s] Level 1:colcon.colcon_core.package_identification:_identify(bags/trajectory_comparison5212) by extensions ['colcon_meta']
[0.746s] Level 1:colcon.colcon_core.package_identification:_identify(bags/trajectory_comparison5212) by extension 'colcon_meta'
[0.746s] Level 1:colcon.colcon_core.package_identification:_identify(bags/trajectory_comparison5212) by extensions ['ros']
[0.746s] Level 1:colcon.colcon_core.package_identification:_identify(bags/trajectory_comparison5212) by extension 'ros'
[0.747s] Level 1:colcon.colcon_core.package_identification:_identify(bags/trajectory_comparison5212) by extensions ['cmake', 'python']
[0.747s] Level 1:colcon.colcon_core.package_identification:_identify(bags/trajectory_comparison5212) by extension 'cmake'
[0.747s] Level 1:colcon.colcon_core.package_identification:_identify(bags/trajectory_comparison5212) by extension 'python'
[0.747s] Level 1:colcon.colcon_core.package_identification:_identify(bags/trajectory_comparison5212) by extensions ['python_setup_py']
[0.747s] Level 1:colcon.colcon_core.package_identification:_identify(bags/trajectory_comparison5212) by extension 'python_setup_py'
[0.747s] Level 1:colcon.colcon_core.package_identification:_identify(build) by extensions ['ignore', 'ignore_ament_install']
[0.747s] Level 1:colcon.colcon_core.package_identification:_identify(build) by extension 'ignore'
[0.747s] Level 1:colcon.colcon_core.package_identification:_identify(build) ignored
[0.747s] Level 1:colcon.colcon_core.package_identification:_identify(install) by extensions ['ignore', 'ignore_ament_install']
[0.747s] Level 1:colcon.colcon_core.package_identification:_identify(install) by extension 'ignore'
[0.747s] Level 1:colcon.colcon_core.package_identification:_identify(install) ignored
[0.747s] Level 1:colcon.colcon_core.package_identification:_identify(log) by extensions ['ignore', 'ignore_ament_install']
[0.747s] Level 1:colcon.colcon_core.package_identification:_identify(log) by extension 'ignore'
[0.748s] Level 1:colcon.colcon_core.package_identification:_identify(log) ignored
[0.748s] Level 1:colcon.colcon_core.package_identification:_identify(src) by extensions ['ignore', 'ignore_ament_install']
[0.748s] Level 1:colcon.colcon_core.package_identification:_identify(src) by extension 'ignore'
[0.748s] Level 1:colcon.colcon_core.package_identification:_identify(src) by extension 'ignore_ament_install'
[0.748s] Level 1:colcon.colcon_core.package_identification:_identify(src) by extensions ['colcon_pkg']
[0.748s] Level 1:colcon.colcon_core.package_identification:_identify(src) by extension 'colcon_pkg'
[0.748s] Level 1:colcon.colcon_core.package_identification:_identify(src) by extensions ['colcon_meta']
[0.748s] Level 1:colcon.colcon_core.package_identification:_identify(src) by extension 'colcon_meta'
[0.748s] Level 1:colcon.colcon_core.package_identification:_identify(src) by extensions ['ros']
[0.748s] Level 1:colcon.colcon_core.package_identification:_identify(src) by extension 'ros'
[0.748s] Level 1:colcon.colcon_core.package_identification:_identify(src) by extensions ['cmake', 'python']
[0.748s] Level 1:colcon.colcon_core.package_identification:_identify(src) by extension 'cmake'
[0.748s] Level 1:colcon.colcon_core.package_identification:_identify(src) by extension 'python'
[0.748s] Level 1:colcon.colcon_core.package_identification:_identify(src) by extensions ['python_setup_py']
[0.748s] Level 1:colcon.colcon_core.package_identification:_identify(src) by extension 'python_setup_py'
[0.748s] Level 1:colcon.colcon_core.package_identification:_identify(src/rtk_localization) by extensions ['ignore', 'ignore_ament_install']
[0.749s] Level 1:colcon.colcon_core.package_identification:_identify(src/rtk_localization) by extension 'ignore'
[0.749s] Level 1:colcon.colcon_core.package_identification:_identify(src/rtk_localization) by extension 'ignore_ament_install'
[0.749s] Level 1:colcon.colcon_core.package_identification:_identify(src/rtk_localization) by extensions ['colcon_pkg']
[0.749s] Level 1:colcon.colcon_core.package_identification:_identify(src/rtk_localization) by extension 'colcon_pkg'
[0.749s] Level 1:colcon.colcon_core.package_identification:_identify(src/rtk_localization) by extensions ['colcon_meta']
[0.749s] Level 1:colcon.colcon_core.package_identification:_identify(src/rtk_localization) by extension 'colcon_meta'
[0.749s] Level 1:colcon.colcon_core.package_identification:_identify(src/rtk_localization) by extensions ['ros']
[0.749s] Level 1:colcon.colcon_core.package_identification:_identify(src/rtk_localization) by extension 'ros'
[0.756s] DEBUG:colcon.colcon_core.package_identification:Package 'src/rtk_localization' with type 'ros.ament_cmake' and name 'rtk_localization'
[0.756s] Level 1:colcon.colcon_core.package_identification:_identify(src/um982_driver_ros2_jazzy) by extensions ['ignore', 'ignore_ament_install']
[0.756s] Level 1:colcon.colcon_core.package_identification:_identify(src/um982_driver_ros2_jazzy) by extension 'ignore'
[0.756s] Level 1:colcon.colcon_core.package_identification:_identify(src/um982_driver_ros2_jazzy) by extension 'ignore_ament_install'
[0.756s] Level 1:colcon.colcon_core.package_identification:_identify(src/um982_driver_ros2_jazzy) by extensions ['colcon_pkg']
[0.756s] Level 1:colcon.colcon_core.package_identification:_identify(src/um982_driver_ros2_jazzy) by extension 'colcon_pkg'
[0.756s] Level 1:colcon.colcon_core.package_identification:_identify(src/um982_driver_ros2_jazzy) by extensions ['colcon_meta']
[0.756s] Level 1:colcon.colcon_core.package_identification:_identify(src/um982_driver_ros2_jazzy) by extension 'colcon_meta'
[0.756s] Level 1:colcon.colcon_core.package_identification:_identify(src/um982_driver_ros2_jazzy) by extensions ['ros']
[0.757s] Level 1:colcon.colcon_core.package_identification:_identify(src/um982_driver_ros2_jazzy) by extension 'ros'
[0.758s] DEBUG:colcon.colcon_core.package_identification:Package 'src/um982_driver_ros2_jazzy' with type 'ros.ament_python' and name 'nmea_navsat_driver'
[0.758s] Level 1:colcon.colcon_core.package_discovery:discover_packages(recursive) using defaults
[0.758s] Level 1:colcon.colcon_core.package_discovery:discover_packages(ignore) discover
[0.758s] Level 1:colcon.colcon_core.package_discovery:discover_packages(ignore) using defaults
[0.758s] Level 1:colcon.colcon_core.package_discovery:discover_packages(path) discover
[0.758s] Level 1:colcon.colcon_core.package_discovery:discover_packages(path) using defaults
[0.812s] Level 1:colcon.colcon_core.package_discovery:discover_packages(prefix_path) check parameters
[0.812s] Level 1:colcon.colcon_core.package_discovery:discover_packages(prefix_path) discover
[0.820s] DEBUG:colcon.colcon_installed_package_information.package_discovery:Found 2 installed packages in /home/cat/rtk_verify_ws/install
[0.821s] DEBUG:colcon.colcon_installed_package_information.package_discovery:Found 20 installed packages in /home/cat/ranger_ws/install
[0.822s] DEBUG:colcon.colcon_installed_package_information.package_discovery:Found 1 installed packages in /home/cat/rtk_ws/install
[0.825s] DEBUG:colcon.colcon_installed_package_information.package_discovery:Found 414 installed packages in /opt/ros/jazzy
[0.828s] Level 1:colcon.colcon_core.package_discovery:discover_packages(prefix_path) using defaults
[0.919s] Level 5:colcon.colcon_core.verb:set package 'nmea_navsat_driver' build argument 'cmake_args' from command line to '['-DCMAKE_BUILD_TYPE=Release']'
[0.919s] Level 5:colcon.colcon_core.verb:set package 'nmea_navsat_driver' build argument 'cmake_target' from command line to 'None'
[0.919s] Level 5:colcon.colcon_core.verb:set package 'nmea_navsat_driver' build argument 'cmake_target_skip_unavailable' from command line to 'False'
[0.920s] Level 5:colcon.colcon_core.verb:set package 'nmea_navsat_driver' build argument 'cmake_clean_cache' from command line to 'False'
[0.920s] Level 5:colcon.colcon_core.verb:set package 'nmea_navsat_driver' build argument 'cmake_clean_first' from command line to 'False'
[0.920s] Level 5:colcon.colcon_core.verb:set package 'nmea_navsat_driver' build argument 'cmake_force_configure' from command line to 'False'
[0.920s] Level 5:colcon.colcon_core.verb:set package 'nmea_navsat_driver' build argument 'ament_cmake_args' from command line to 'None'
[0.920s] Level 5:colcon.colcon_core.verb:set package 'nmea_navsat_driver' build argument 'catkin_cmake_args' from command line to 'None'
[0.920s] Level 5:colcon.colcon_core.verb:set package 'nmea_navsat_driver' build argument 'catkin_skip_building_tests' from command line to 'False'
[0.920s] DEBUG:colcon.colcon_core.verb:Building package 'nmea_navsat_driver' with the following arguments: {'ament_cmake_args': None, 'build_base': '/home/cat/rtk_verify_ws/build/nmea_navsat_driver', 'catkin_cmake_args': None, 'catkin_skip_building_tests': False, 'cmake_args': ['-DCMAKE_BUILD_TYPE=Release'], 'cmake_clean_cache': False, 'cmake_clean_first': False, 'cmake_force_configure': False, 'cmake_target': None, 'cmake_target_skip_unavailable': False, 'install_base': '/home/cat/rtk_verify_ws/install/nmea_navsat_driver', 'merge_install': False, 'path': '/home/cat/rtk_verify_ws/src/um982_driver_ros2_jazzy', 'symlink_install': True, 'test_result_base': None}
[0.920s] Level 5:colcon.colcon_core.verb:set package 'rtk_localization' build argument 'cmake_args' from command line to '['-DCMAKE_BUILD_TYPE=Release']'
[0.920s] Level 5:colcon.colcon_core.verb:set package 'rtk_localization' build argument 'cmake_target' from command line to 'None'
[0.920s] Level 5:colcon.colcon_core.verb:set package 'rtk_localization' build argument 'cmake_target_skip_unavailable' from command line to 'False'
[0.920s] Level 5:colcon.colcon_core.verb:set package 'rtk_localization' build argument 'cmake_clean_cache' from command line to 'False'
[0.920s] Level 5:colcon.colcon_core.verb:set package 'rtk_localization' build argument 'cmake_clean_first' from command line to 'False'
[0.920s] Level 5:colcon.colcon_core.verb:set package 'rtk_localization' build argument 'cmake_force_configure' from command line to 'False'
[0.920s] Level 5:colcon.colcon_core.verb:set package 'rtk_localization' build argument 'ament_cmake_args' from command line to 'None'
[0.920s] Level 5:colcon.colcon_core.verb:set package 'rtk_localization' build argument 'catkin_cmake_args' from command line to 'None'
[0.920s] Level 5:colcon.colcon_core.verb:set package 'rtk_localization' build argument 'catkin_skip_building_tests' from command line to 'False'
[0.920s] DEBUG:colcon.colcon_core.verb:Building package 'rtk_localization' with the following arguments: {'ament_cmake_args': None, 'build_base': '/home/cat/rtk_verify_ws/build/rtk_localization', 'catkin_cmake_args': None, 'catkin_skip_building_tests': False, 'cmake_args': ['-DCMAKE_BUILD_TYPE=Release'], 'cmake_clean_cache': False, 'cmake_clean_first': False, 'cmake_force_configure': False, 'cmake_target': None, 'cmake_target_skip_unavailable': False, 'install_base': '/home/cat/rtk_verify_ws/install/rtk_localization', 'merge_install': False, 'path': '/home/cat/rtk_verify_ws/src/rtk_localization', 'symlink_install': True, 'test_result_base': None}
[0.921s] INFO:colcon.colcon_core.executor:Executing jobs using 'parallel' executor
[0.922s] DEBUG:colcon.colcon_parallel_executor.executor.parallel:run_until_complete
[0.923s] INFO:colcon.colcon_ros.task.ament_python.build:Building ROS package in '/home/cat/rtk_verify_ws/src/um982_driver_ros2_jazzy' with build type 'ament_python'
[0.923s] Level 1:colcon.colcon_core.shell:create_environment_hook('nmea_navsat_driver', 'ament_prefix_path')
[0.940s] INFO:colcon.colcon_core.plugin_system:Skipping extension 'colcon_core.shell.bat': Not used on non-Windows systems
[0.940s] INFO:colcon.colcon_core.shell:Creating environment hook '/home/cat/rtk_verify_ws/install/nmea_navsat_driver/share/nmea_navsat_driver/hook/ament_prefix_path.ps1'
[0.942s] INFO:colcon.colcon_core.shell:Creating environment descriptor '/home/cat/rtk_verify_ws/install/nmea_navsat_driver/share/nmea_navsat_driver/hook/ament_prefix_path.dsv'
[0.944s] INFO:colcon.colcon_core.shell:Creating environment hook '/home/cat/rtk_verify_ws/install/nmea_navsat_driver/share/nmea_navsat_driver/hook/ament_prefix_path.sh'
[0.946s] INFO:colcon.colcon_core.shell:Skip shell extension 'powershell' for command environment: Not usable outside of PowerShell
[0.946s] DEBUG:colcon.colcon_core.shell:Skip shell extension 'dsv' for command environment
[0.956s] INFO:colcon.colcon_ros.task.ament_cmake.build:Building ROS package in '/home/cat/rtk_verify_ws/src/rtk_localization' with build type 'ament_cmake'
[0.956s] INFO:colcon.colcon_cmake.task.cmake.build:Building CMake package in '/home/cat/rtk_verify_ws/src/rtk_localization'
[0.956s] INFO:colcon.colcon_core.shell:Skip shell extension 'powershell' for command environment: Not usable outside of PowerShell
[0.956s] DEBUG:colcon.colcon_core.shell:Skip shell extension 'dsv' for command environment
[1.390s] INFO:colcon.colcon_core.task.python.build:Building Python package in '/home/cat/rtk_verify_ws/src/um982_driver_ros2_jazzy'
[1.390s] INFO:colcon.colcon_core.shell:Skip shell extension 'powershell' for command environment: Not usable outside of PowerShell
[1.390s] DEBUG:colcon.colcon_core.shell:Skip shell extension 'dsv' for command environment
[1.403s] DEBUG:colcon.colcon_core.event_handler.log_command:Invoking command in '/home/cat/rtk_verify_ws/build/rtk_localization': CMAKE_PREFIX_PATH=/home/cat/rtk_verify_ws/install/rtk_localization:/home/cat/ranger_ws/install/ranger_base:/home/cat/rtk_verify_ws/install/nmea_navsat_driver:/home/cat/ranger_ws/install/ranger_defense:/home/cat/ranger_ws/install/hw_interrupt:/home/cat/ranger_ws/install/advanced_crop_follower:/home/cat/rtk_ws/install/nmea_navsat_driver:/opt/ros/jazzy:/home/cat/ranger_ws/install/ugv_sdk:/home/cat/ranger_ws/install/ranger_gicp_localization:/home/cat/ranger_ws/install/small_gicp:/home/cat/ranger_ws/install/rslidar_sdk:/home/cat/ranger_ws/install/rslidar_msg:/home/cat/ranger_ws/install/rs_to_velodyne:/home/cat/ranger_ws/install/ranger_navigation:/home/cat/ranger_ws/install/ranger_msgs:/home/cat/ranger_ws/install/ranger_custom_description:/home/cat/ranger_ws/install/ranger_bringup:/home/cat/ranger_ws/install/pcd2pgm:/home/cat/ranger_ws/install/lidar_localization_ros2:/home/cat/ranger_ws/install/ndt_omp_ros2:/home/cat/ranger_ws/install/lio_sam:/home/cat/ranger_ws/install/hipnuc_imu:/home/cat/ranger_ws/install/hipnuc_lib_package:/opt/ros/jazzy/opt/gz_sim_vendor:/opt/ros/jazzy/opt/gz_sensors_vendor:/opt/ros/jazzy/opt/gz_physics_vendor:/opt/ros/jazzy/opt/sdformat_vendor:/opt/ros/jazzy/opt/gz_gui_vendor:/opt/ros/jazzy/opt/gz_transport_vendor:/opt/ros/jazzy/opt/gz_rendering_vendor:/opt/ros/jazzy/opt/gz_plugin_vendor:/opt/ros/jazzy/opt/gz_fuel_tools_vendor:/opt/ros/jazzy/opt/gz_msgs_vendor:/opt/ros/jazzy/opt/gz_common_vendor:/opt/ros/jazzy/opt/gz_math_vendor:/opt/ros/jazzy/opt/gz_utils_vendor:/opt/ros/jazzy/opt/gz_tools_vendor:/opt/ros/jazzy/opt/gz_ogre_next_vendor:/opt/ros/jazzy/opt/gz_dartsim_vendor:/opt/ros/jazzy/opt/gz_cmake_vendor DEBUGINFOD_URLS=https://debuginfod.ubuntu.com /usr/bin/cmake --build /home/cat/rtk_verify_ws/build/rtk_localization -- -j8 -l8
[1.600s] DEBUG:colcon.colcon_core.event_handler.log_command:Invoked command in '/home/cat/rtk_verify_ws/build/rtk_localization' returned '0': CMAKE_PREFIX_PATH=/home/cat/rtk_verify_ws/install/rtk_localization:/home/cat/ranger_ws/install/ranger_base:/home/cat/rtk_verify_ws/install/nmea_navsat_driver:/home/cat/ranger_ws/install/ranger_defense:/home/cat/ranger_ws/install/hw_interrupt:/home/cat/ranger_ws/install/advanced_crop_follower:/home/cat/rtk_ws/install/nmea_navsat_driver:/opt/ros/jazzy:/home/cat/ranger_ws/install/ugv_sdk:/home/cat/ranger_ws/install/ranger_gicp_localization:/home/cat/ranger_ws/install/small_gicp:/home/cat/ranger_ws/install/rslidar_sdk:/home/cat/ranger_ws/install/rslidar_msg:/home/cat/ranger_ws/install/rs_to_velodyne:/home/cat/ranger_ws/install/ranger_navigation:/home/cat/ranger_ws/install/ranger_msgs:/home/cat/ranger_ws/install/ranger_custom_description:/home/cat/ranger_ws/install/ranger_bringup:/home/cat/ranger_ws/install/pcd2pgm:/home/cat/ranger_ws/install/lidar_localization_ros2:/home/cat/ranger_ws/install/ndt_omp_ros2:/home/cat/ranger_ws/install/lio_sam:/home/cat/ranger_ws/install/hipnuc_imu:/home/cat/ranger_ws/install/hipnuc_lib_package:/opt/ros/jazzy/opt/gz_sim_vendor:/opt/ros/jazzy/opt/gz_sensors_vendor:/opt/ros/jazzy/opt/gz_physics_vendor:/opt/ros/jazzy/opt/sdformat_vendor:/opt/ros/jazzy/opt/gz_gui_vendor:/opt/ros/jazzy/opt/gz_transport_vendor:/opt/ros/jazzy/opt/gz_rendering_vendor:/opt/ros/jazzy/opt/gz_plugin_vendor:/opt/ros/jazzy/opt/gz_fuel_tools_vendor:/opt/ros/jazzy/opt/gz_msgs_vendor:/opt/ros/jazzy/opt/gz_common_vendor:/opt/ros/jazzy/opt/gz_math_vendor:/opt/ros/jazzy/opt/gz_utils_vendor:/opt/ros/jazzy/opt/gz_tools_vendor:/opt/ros/jazzy/opt/gz_ogre_next_vendor:/opt/ros/jazzy/opt/gz_dartsim_vendor:/opt/ros/jazzy/opt/gz_cmake_vendor DEBUGINFOD_URLS=https://debuginfod.ubuntu.com /usr/bin/cmake --build /home/cat/rtk_verify_ws/build/rtk_localization -- -j8 -l8
[1.635s] DEBUG:colcon.colcon_core.event_handler.log_command:Invoking command in '/home/cat/rtk_verify_ws/build/rtk_localization': CMAKE_PREFIX_PATH=/home/cat/rtk_verify_ws/install/rtk_localization:/home/cat/ranger_ws/install/ranger_base:/home/cat/rtk_verify_ws/install/nmea_navsat_driver:/home/cat/ranger_ws/install/ranger_defense:/home/cat/ranger_ws/install/hw_interrupt:/home/cat/ranger_ws/install/advanced_crop_follower:/home/cat/rtk_ws/install/nmea_navsat_driver:/opt/ros/jazzy:/home/cat/ranger_ws/install/ugv_sdk:/home/cat/ranger_ws/install/ranger_gicp_localization:/home/cat/ranger_ws/install/small_gicp:/home/cat/ranger_ws/install/rslidar_sdk:/home/cat/ranger_ws/install/rslidar_msg:/home/cat/ranger_ws/install/rs_to_velodyne:/home/cat/ranger_ws/install/ranger_navigation:/home/cat/ranger_ws/install/ranger_msgs:/home/cat/ranger_ws/install/ranger_custom_description:/home/cat/ranger_ws/install/ranger_bringup:/home/cat/ranger_ws/install/pcd2pgm:/home/cat/ranger_ws/install/lidar_localization_ros2:/home/cat/ranger_ws/install/ndt_omp_ros2:/home/cat/ranger_ws/install/lio_sam:/home/cat/ranger_ws/install/hipnuc_imu:/home/cat/ranger_ws/install/hipnuc_lib_package:/opt/ros/jazzy/opt/gz_sim_vendor:/opt/ros/jazzy/opt/gz_sensors_vendor:/opt/ros/jazzy/opt/gz_physics_vendor:/opt/ros/jazzy/opt/sdformat_vendor:/opt/ros/jazzy/opt/gz_gui_vendor:/opt/ros/jazzy/opt/gz_transport_vendor:/opt/ros/jazzy/opt/gz_rendering_vendor:/opt/ros/jazzy/opt/gz_plugin_vendor:/opt/ros/jazzy/opt/gz_fuel_tools_vendor:/opt/ros/jazzy/opt/gz_msgs_vendor:/opt/ros/jazzy/opt/gz_common_vendor:/opt/ros/jazzy/opt/gz_math_vendor:/opt/ros/jazzy/opt/gz_utils_vendor:/opt/ros/jazzy/opt/gz_tools_vendor:/opt/ros/jazzy/opt/gz_ogre_next_vendor:/opt/ros/jazzy/opt/gz_dartsim_vendor:/opt/ros/jazzy/opt/gz_cmake_vendor DEBUGINFOD_URLS=https://debuginfod.ubuntu.com /usr/bin/cmake --install /home/cat/rtk_verify_ws/build/rtk_localization
[1.778s] Level 1:colcon.colcon_core.environment:create_environment_scripts_only(rtk_localization)
[1.780s] DEBUG:colcon.colcon_core.event_handler.log_command:Invoked command in '/home/cat/rtk_verify_ws/build/rtk_localization' returned '0': CMAKE_PREFIX_PATH=/home/cat/rtk_verify_ws/install/rtk_localization:/home/cat/ranger_ws/install/ranger_base:/home/cat/rtk_verify_ws/install/nmea_navsat_driver:/home/cat/ranger_ws/install/ranger_defense:/home/cat/ranger_ws/install/hw_interrupt:/home/cat/ranger_ws/install/advanced_crop_follower:/home/cat/rtk_ws/install/nmea_navsat_driver:/opt/ros/jazzy:/home/cat/ranger_ws/install/ugv_sdk:/home/cat/ranger_ws/install/ranger_gicp_localization:/home/cat/ranger_ws/install/small_gicp:/home/cat/ranger_ws/install/rslidar_sdk:/home/cat/ranger_ws/install/rslidar_msg:/home/cat/ranger_ws/install/rs_to_velodyne:/home/cat/ranger_ws/install/ranger_navigation:/home/cat/ranger_ws/install/ranger_msgs:/home/cat/ranger_ws/install/ranger_custom_description:/home/cat/ranger_ws/install/ranger_bringup:/home/cat/ranger_ws/install/pcd2pgm:/home/cat/ranger_ws/install/lidar_localization_ros2:/home/cat/ranger_ws/install/ndt_omp_ros2:/home/cat/ranger_ws/install/lio_sam:/home/cat/ranger_ws/install/hipnuc_imu:/home/cat/ranger_ws/install/hipnuc_lib_package:/opt/ros/jazzy/opt/gz_sim_vendor:/opt/ros/jazzy/opt/gz_sensors_vendor:/opt/ros/jazzy/opt/gz_physics_vendor:/opt/ros/jazzy/opt/sdformat_vendor:/opt/ros/jazzy/opt/gz_gui_vendor:/opt/ros/jazzy/opt/gz_transport_vendor:/opt/ros/jazzy/opt/gz_rendering_vendor:/opt/ros/jazzy/opt/gz_plugin_vendor:/opt/ros/jazzy/opt/gz_fuel_tools_vendor:/opt/ros/jazzy/opt/gz_msgs_vendor:/opt/ros/jazzy/opt/gz_common_vendor:/opt/ros/jazzy/opt/gz_math_vendor:/opt/ros/jazzy/opt/gz_utils_vendor:/opt/ros/jazzy/opt/gz_tools_vendor:/opt/ros/jazzy/opt/gz_ogre_next_vendor:/opt/ros/jazzy/opt/gz_dartsim_vendor:/opt/ros/jazzy/opt/gz_cmake_vendor DEBUGINFOD_URLS=https://debuginfod.ubuntu.com /usr/bin/cmake --install /home/cat/rtk_verify_ws/build/rtk_localization
[1.799s] Level 1:colcon.colcon_core.environment:checking '/home/cat/rtk_verify_ws/install/rtk_localization' for CMake module files
[1.802s] Level 1:colcon.colcon_core.environment:checking '/home/cat/rtk_verify_ws/install/rtk_localization' for CMake config files
[1.804s] Level 1:colcon.colcon_core.shell:create_environment_hook('rtk_localization', 'cmake_prefix_path')
[1.805s] INFO:colcon.colcon_core.shell:Creating environment hook '/home/cat/rtk_verify_ws/install/rtk_localization/share/rtk_localization/hook/cmake_prefix_path.ps1'
[1.807s] INFO:colcon.colcon_core.shell:Creating environment descriptor '/home/cat/rtk_verify_ws/install/rtk_localization/share/rtk_localization/hook/cmake_prefix_path.dsv'
[1.808s] INFO:colcon.colcon_core.shell:Creating environment hook '/home/cat/rtk_verify_ws/install/rtk_localization/share/rtk_localization/hook/cmake_prefix_path.sh'
[1.811s] Level 1:colcon.colcon_core.environment:checking '/home/cat/rtk_verify_ws/install/rtk_localization/bin'
[1.811s] Level 1:colcon.colcon_core.environment:checking '/home/cat/rtk_verify_ws/install/rtk_localization/lib/pkgconfig/rtk_localization.pc'
[1.812s] Level 1:colcon.colcon_core.environment:checking '/home/cat/rtk_verify_ws/install/rtk_localization/lib/python3.12/site-packages'
[1.814s] Level 1:colcon.colcon_core.environment:checking '/home/cat/rtk_verify_ws/install/rtk_localization/bin'
[1.815s] INFO:colcon.colcon_core.shell:Creating package script '/home/cat/rtk_verify_ws/install/rtk_localization/share/rtk_localization/package.ps1'
[1.819s] INFO:colcon.colcon_core.shell:Creating package descriptor '/home/cat/rtk_verify_ws/install/rtk_localization/share/rtk_localization/package.dsv'
[1.822s] INFO:colcon.colcon_core.shell:Creating package script '/home/cat/rtk_verify_ws/install/rtk_localization/share/rtk_localization/package.sh'
[1.825s] INFO:colcon.colcon_core.shell:Creating package script '/home/cat/rtk_verify_ws/install/rtk_localization/share/rtk_localization/package.bash'
[1.830s] INFO:colcon.colcon_core.shell:Creating package script '/home/cat/rtk_verify_ws/install/rtk_localization/share/rtk_localization/package.zsh'
[1.836s] Level 1:colcon.colcon_core.environment:create_file_with_runtime_dependencies(/home/cat/rtk_verify_ws/install/rtk_localization/share/colcon-core/packages/rtk_localization)
[1.838s] Level 1:colcon.colcon_core.environment:create_environment_scripts_only(rtk_localization)
[1.839s] Level 1:colcon.colcon_core.environment:checking '/home/cat/rtk_verify_ws/install/rtk_localization' for CMake module files
[1.842s] Level 1:colcon.colcon_core.environment:checking '/home/cat/rtk_verify_ws/install/rtk_localization' for CMake config files
[1.843s] Level 1:colcon.colcon_core.shell:create_environment_hook('rtk_localization', 'cmake_prefix_path')
[1.844s] INFO:colcon.colcon_core.shell:Creating environment hook '/home/cat/rtk_verify_ws/install/rtk_localization/share/rtk_localization/hook/cmake_prefix_path.ps1'
[1.846s] INFO:colcon.colcon_core.shell:Creating environment descriptor '/home/cat/rtk_verify_ws/install/rtk_localization/share/rtk_localization/hook/cmake_prefix_path.dsv'
[1.848s] INFO:colcon.colcon_core.shell:Creating environment hook '/home/cat/rtk_verify_ws/install/rtk_localization/share/rtk_localization/hook/cmake_prefix_path.sh'
[1.850s] Level 1:colcon.colcon_core.environment:checking '/home/cat/rtk_verify_ws/install/rtk_localization/bin'
[1.850s] Level 1:colcon.colcon_core.environment:checking '/home/cat/rtk_verify_ws/install/rtk_localization/lib/pkgconfig/rtk_localization.pc'
[1.851s] Level 1:colcon.colcon_core.environment:checking '/home/cat/rtk_verify_ws/install/rtk_localization/lib/python3.12/site-packages'
[1.853s] Level 1:colcon.colcon_core.environment:checking '/home/cat/rtk_verify_ws/install/rtk_localization/bin'
[1.854s] INFO:colcon.colcon_core.shell:Creating package script '/home/cat/rtk_verify_ws/install/rtk_localization/share/rtk_localization/package.ps1'
[1.855s] INFO:colcon.colcon_core.shell:Creating package descriptor '/home/cat/rtk_verify_ws/install/rtk_localization/share/rtk_localization/package.dsv'
[1.856s] INFO:colcon.colcon_core.shell:Creating package script '/home/cat/rtk_verify_ws/install/rtk_localization/share/rtk_localization/package.sh'
[1.857s] INFO:colcon.colcon_core.shell:Creating package script '/home/cat/rtk_verify_ws/install/rtk_localization/share/rtk_localization/package.bash'
[1.857s] INFO:colcon.colcon_core.shell:Creating package script '/home/cat/rtk_verify_ws/install/rtk_localization/share/rtk_localization/package.zsh'
[1.858s] Level 1:colcon.colcon_core.environment:create_file_with_runtime_dependencies(/home/cat/rtk_verify_ws/install/rtk_localization/share/colcon-core/packages/rtk_localization)
[2.915s] DEBUG:colcon.colcon_core.event_handler.log_command:Invoking command in '/home/cat/rtk_verify_ws/build/nmea_navsat_driver': DEBUGINFOD_URLS=https://debuginfod.ubuntu.com PYTHONPATH=/home/cat/rtk_verify_ws/build/nmea_navsat_driver/prefix_override:/usr/lib/python3/dist-packages/colcon_core/task/python/colcon_distutils_commands:/home/cat/rtk_verify_ws/install/nmea_navsat_driver/lib/python3.12/site-packages:${PYTHONPATH} /usr/bin/python3 -W ignore:setup.py install is deprecated -W ignore:easy_install command is deprecated setup.py develop --editable --build-directory /home/cat/rtk_verify_ws/build/nmea_navsat_driver/build --no-deps symlink_data
[4.023s] Level 1:colcon.colcon_core.shell:create_environment_hook('nmea_navsat_driver', 'pythonpath_develop')
[4.024s] INFO:colcon.colcon_core.shell:Creating environment hook '/home/cat/rtk_verify_ws/build/nmea_navsat_driver/src/share/nmea_navsat_driver/hook/pythonpath_develop.ps1'
[4.024s] DEBUG:colcon.colcon_core.event_handler.log_command:Invoked command in '/home/cat/rtk_verify_ws/build/nmea_navsat_driver' returned '0': DEBUGINFOD_URLS=https://debuginfod.ubuntu.com PYTHONPATH=/home/cat/rtk_verify_ws/build/nmea_navsat_driver/prefix_override:/usr/lib/python3/dist-packages/colcon_core/task/python/colcon_distutils_commands:/home/cat/rtk_verify_ws/install/nmea_navsat_driver/lib/python3.12/site-packages:${PYTHONPATH} /usr/bin/python3 -W ignore:setup.py install is deprecated -W ignore:easy_install command is deprecated setup.py develop --editable --build-directory /home/cat/rtk_verify_ws/build/nmea_navsat_driver/build --no-deps symlink_data
[4.026s] INFO:colcon.colcon_core.shell:Creating environment descriptor '/home/cat/rtk_verify_ws/build/nmea_navsat_driver/src/share/nmea_navsat_driver/hook/pythonpath_develop.dsv'
[4.027s] INFO:colcon.colcon_core.shell:Creating environment hook '/home/cat/rtk_verify_ws/build/nmea_navsat_driver/src/share/nmea_navsat_driver/hook/pythonpath_develop.sh'
[4.029s] Level 1:colcon.colcon_core.environment:checking '/home/cat/rtk_verify_ws/install/nmea_navsat_driver' for CMake module files
[4.031s] Level 1:colcon.colcon_core.environment:checking '/home/cat/rtk_verify_ws/install/nmea_navsat_driver' for CMake config files
[4.034s] Level 1:colcon.colcon_core.environment:checking '/home/cat/rtk_verify_ws/install/nmea_navsat_driver/lib'
[4.034s] Level 1:colcon.colcon_core.environment:checking '/home/cat/rtk_verify_ws/install/nmea_navsat_driver/bin'
[4.035s] Level 1:colcon.colcon_core.environment:checking '/home/cat/rtk_verify_ws/install/nmea_navsat_driver/lib/pkgconfig/nmea_navsat_driver.pc'
[4.036s] Level 1:colcon.colcon_core.environment:checking '/home/cat/rtk_verify_ws/install/nmea_navsat_driver/lib/python3.12/site-packages'
[4.036s] Level 1:colcon.colcon_core.shell:create_environment_hook('nmea_navsat_driver', 'pythonpath')
[4.037s] INFO:colcon.colcon_core.shell:Creating environment hook '/home/cat/rtk_verify_ws/install/nmea_navsat_driver/share/nmea_navsat_driver/hook/pythonpath.ps1'
[4.038s] INFO:colcon.colcon_core.shell:Creating environment descriptor '/home/cat/rtk_verify_ws/install/nmea_navsat_driver/share/nmea_navsat_driver/hook/pythonpath.dsv'
[4.039s] INFO:colcon.colcon_core.shell:Creating environment hook '/home/cat/rtk_verify_ws/install/nmea_navsat_driver/share/nmea_navsat_driver/hook/pythonpath.sh'
[4.042s] Level 1:colcon.colcon_core.environment:checking '/home/cat/rtk_verify_ws/install/nmea_navsat_driver/bin'
[4.042s] Level 1:colcon.colcon_core.environment:create_environment_scripts_only(nmea_navsat_driver)
[4.043s] INFO:colcon.colcon_core.shell:Creating package script '/home/cat/rtk_verify_ws/install/nmea_navsat_driver/share/nmea_navsat_driver/package.ps1'
[4.045s] INFO:colcon.colcon_core.shell:Creating package descriptor '/home/cat/rtk_verify_ws/install/nmea_navsat_driver/share/nmea_navsat_driver/package.dsv'
[4.047s] INFO:colcon.colcon_core.shell:Creating package script '/home/cat/rtk_verify_ws/install/nmea_navsat_driver/share/nmea_navsat_driver/package.sh'
[4.049s] INFO:colcon.colcon_core.shell:Creating package script '/home/cat/rtk_verify_ws/install/nmea_navsat_driver/share/nmea_navsat_driver/package.bash'
[4.050s] INFO:colcon.colcon_core.shell:Creating package script '/home/cat/rtk_verify_ws/install/nmea_navsat_driver/share/nmea_navsat_driver/package.zsh'
[4.051s] Level 1:colcon.colcon_core.environment:create_file_with_runtime_dependencies(/home/cat/rtk_verify_ws/install/nmea_navsat_driver/share/colcon-core/packages/nmea_navsat_driver)
[4.052s] DEBUG:colcon.colcon_parallel_executor.executor.parallel:closing loop
[4.053s] DEBUG:colcon.colcon_parallel_executor.executor.parallel:loop closed
[4.053s] DEBUG:colcon.colcon_parallel_executor.executor.parallel:run_until_complete finished with '0'
[4.053s] DEBUG:colcon.colcon_core.event_reactor:joining thread
[4.064s] INFO:colcon.colcon_core.plugin_system:Skipping extension 'colcon_notification.desktop_notification.terminal_notifier': Not used on non-Darwin systems
[4.064s] INFO:colcon.colcon_core.plugin_system:Skipping extension 'colcon_notification.desktop_notification.win32': Not used on non-Windows systems
[4.065s] INFO:colcon.colcon_notification.desktop_notification:Sending desktop notification using 'notify2'
[4.066s] DEBUG:colcon.colcon_notification.desktop_notification.notify2:Failed to initialize notify2: org.freedesktop.DBus.Error.ServiceUnknown: The name org.freedesktop.Notifications was not provided by any .service files
[4.066s] DEBUG:colcon.colcon_core.event_reactor:joined thread
[4.067s] INFO:colcon.colcon_core.shell:Creating prefix script '/home/cat/rtk_verify_ws/install/local_setup.ps1'
[4.071s] INFO:colcon.colcon_core.shell:Creating prefix util module '/home/cat/rtk_verify_ws/install/_local_setup_util_ps1.py'
[4.078s] INFO:colcon.colcon_core.shell:Creating prefix chain script '/home/cat/rtk_verify_ws/install/setup.ps1'
[4.088s] INFO:colcon.colcon_core.shell:Creating prefix script '/home/cat/rtk_verify_ws/install/local_setup.sh'
[4.090s] INFO:colcon.colcon_core.shell:Creating prefix util module '/home/cat/rtk_verify_ws/install/_local_setup_util_sh.py'
[4.093s] INFO:colcon.colcon_core.shell:Creating prefix chain script '/home/cat/rtk_verify_ws/install/setup.sh'
[4.103s] INFO:colcon.colcon_core.shell:Creating prefix script '/home/cat/rtk_verify_ws/install/local_setup.bash'
[4.107s] INFO:colcon.colcon_core.shell:Creating prefix chain script '/home/cat/rtk_verify_ws/install/setup.bash'
[4.117s] INFO:colcon.colcon_core.shell:Creating prefix script '/home/cat/rtk_verify_ws/install/local_setup.zsh'
[4.121s] INFO:colcon.colcon_core.shell:Creating prefix chain script '/home/cat/rtk_verify_ws/install/setup.zsh'
